2025-02-24T02:06:16.0134980Z Current runner version: '2.322.0'
2025-02-24T02:06:16.0160543Z ##[group]Operating System
2025-02-24T02:06:16.0161286Z Ubuntu
2025-02-24T02:06:16.0161815Z 24.04.1
2025-02-24T02:06:16.0162366Z LTS
2025-02-24T02:06:16.0162835Z ##[endgroup]
2025-02-24T02:06:16.0163355Z ##[group]Runner Image
2025-02-24T02:06:16.0164005Z Image: ubuntu-24.04
2025-02-24T02:06:16.0164501Z Version: 20250209.1.0
2025-02-24T02:06:16.0165878Z Included Software: https://github.com/actions/runner-images/blob/ubuntu24/20250209.1/images/ubuntu/Ubuntu2404-Readme.md
2025-02-24T02:06:16.0167410Z Image Release: https://github.com/actions/runner-images/releases/tag/ubuntu24%2F20250209.1
2025-02-24T02:06:16.0168362Z ##[endgroup]
2025-02-24T02:06:16.0168931Z ##[group]Runner Image Provisioner
2025-02-24T02:06:16.0169523Z 2.0.422.1
2025-02-24T02:06:16.0170023Z ##[endgroup]
2025-02-24T02:06:16.0171147Z ##[group]GITHUB_TOKEN Permissions
2025-02-24T02:06:16.0173021Z Contents: read
2025-02-24T02:06:16.0173536Z Metadata: read
2025-02-24T02:06:16.0174363Z Packages: read
2025-02-24T02:06:16.0175022Z ##[endgroup]
2025-02-24T02:06:16.0178150Z Secret source: Actions
2025-02-24T02:06:16.0178875Z Prepare workflow directory
2025-02-24T02:06:16.0490272Z Prepare all required actions
2025-02-24T02:06:16.0527399Z Getting action download info
2025-02-24T02:06:16.2250222Z ##[group]Download immutable action package 'actions/checkout@v4'
2025-02-24T02:06:16.2251363Z Version: 4.2.2
2025-02-24T02:06:16.2252355Z Digest: sha256:ccb2698953eaebd21c7bf6268a94f9c26518a7e38e27e0b83c1fe1ad049819b1
2025-02-24T02:06:16.2253497Z Source commit SHA: 11bd71901bbe5b1630ceea73d27597364c9af683
2025-02-24T02:06:16.2254324Z ##[endgroup]
2025-02-24T02:06:16.2974914Z ##[group]Download immutable action package 'actions/setup-python@v5'
2025-02-24T02:06:16.2976070Z Version: 5.4.0
2025-02-24T02:06:16.2976848Z Digest: sha256:6003df952c8106bcd378d2ba997eef202da924317a57269dfa72449b135adb7f
2025-02-24T02:06:16.2977872Z Source commit SHA: 42375524e23c412d93fb67b49958b491fce71c38
2025-02-24T02:06:16.2978617Z ##[endgroup]
2025-02-24T02:06:16.4968790Z Download action repository 'codecov/codecov-action@v4' (SHA:b9fd7d16f6d7d1b5d2bec1a2887e65ceed900238)
2025-02-24T02:06:16.7927413Z Complete job name: test (3.10)
2025-02-24T02:06:16.8577826Z ##[group]Run actions/checkout@v4
2025-02-24T02:06:16.8578670Z with:
2025-02-24T02:06:16.8579131Z   repository: ajy0127/securityhub_soc2analysis
2025-02-24T02:06:16.8579854Z   token: ***
2025-02-24T02:06:16.8580253Z   ssh-strict: true
2025-02-24T02:06:16.8580659Z   ssh-user: git
2025-02-24T02:06:16.8581075Z   persist-credentials: true
2025-02-24T02:06:16.8581541Z   clean: true
2025-02-24T02:06:16.8581959Z   sparse-checkout-cone-mode: true
2025-02-24T02:06:16.8582459Z   fetch-depth: 1
2025-02-24T02:06:16.8582856Z   fetch-tags: false
2025-02-24T02:06:16.8583277Z   show-progress: true
2025-02-24T02:06:16.8583692Z   lfs: false
2025-02-24T02:06:16.8584074Z   submodules: false
2025-02-24T02:06:16.8584495Z   set-safe-directory: true
2025-02-24T02:06:16.8585138Z ##[endgroup]
2025-02-24T02:06:17.0335124Z Syncing repository: ajy0127/securityhub_soc2analysis
2025-02-24T02:06:17.0338264Z ##[group]Getting Git version info
2025-02-24T02:06:17.0339943Z Working directory is '/home/runner/work/securityhub_soc2analysis/securityhub_soc2analysis'
2025-02-24T02:06:17.0342079Z [command]/usr/bin/git version
2025-02-24T02:06:17.0371698Z git version 2.48.1
2025-02-24T02:06:17.0400035Z ##[endgroup]
2025-02-24T02:06:17.0414969Z Temporarily overriding HOME='/home/runner/work/_temp/15032471-3b1a-495c-b3c5-a888116104bd' before making global git config changes
2025-02-24T02:06:17.0417688Z Adding repository directory to the temporary git global config as a safe directory
2025-02-24T02:06:17.0430251Z [command]/usr/bin/git config --global --add safe.directory /home/runner/work/securityhub_soc2analysis/securityhub_soc2analysis
2025-02-24T02:06:17.0469930Z Deleting the contents of '/home/runner/work/securityhub_soc2analysis/securityhub_soc2analysis'
2025-02-24T02:06:17.0475415Z ##[group]Initializing the repository
2025-02-24T02:06:17.0480912Z [command]/usr/bin/git init /home/runner/work/securityhub_soc2analysis/securityhub_soc2analysis
2025-02-24T02:06:17.0544969Z hint: Using 'master' as the name for the initial branch. This default branch name
2025-02-24T02:06:17.0546415Z hint: is subject to change. To configure the initial branch name to use in all
2025-02-24T02:06:17.0547312Z hint: of your new repositories, which will suppress this warning, call:
2025-02-24T02:06:17.0547991Z hint:
2025-02-24T02:06:17.0548740Z hint: 	git config --global init.defaultBranch <name>
2025-02-24T02:06:17.0549819Z hint:
2025-02-24T02:06:17.0550788Z hint: Names commonly chosen instead of 'master' are 'main', 'trunk' and
2025-02-24T02:06:17.0552421Z hint: 'development'. The just-created branch can be renamed via this command:
2025-02-24T02:06:17.0553758Z hint:
2025-02-24T02:06:17.0554471Z hint: 	git branch -m <name>
2025-02-24T02:06:17.0556329Z Initialized empty Git repository in /home/runner/work/securityhub_soc2analysis/securityhub_soc2analysis/.git/
2025-02-24T02:06:17.0563714Z [command]/usr/bin/git remote add origin https://github.com/ajy0127/securityhub_soc2analysis
2025-02-24T02:06:17.0606779Z ##[endgroup]
2025-02-24T02:06:17.0608236Z ##[group]Disabling automatic garbage collection
2025-02-24T02:06:17.0609448Z [command]/usr/bin/git config --local gc.auto 0
2025-02-24T02:06:17.0654316Z ##[endgroup]
2025-02-24T02:06:17.0655637Z ##[group]Setting up auth
2025-02-24T02:06:17.0657185Z [command]/usr/bin/git config --local --name-only --get-regexp core\.sshCommand
2025-02-24T02:06:17.0692945Z [command]/usr/bin/git submodule foreach --recursive sh -c "git config --local --name-only --get-regexp 'core\.sshCommand' && git config --local --unset-all 'core.sshCommand' || :"
2025-02-24T02:06:17.0989127Z [command]/usr/bin/git config --local --name-only --get-regexp http\.https\:\/\/github\.com\/\.extraheader
2025-02-24T02:06:17.1021534Z [command]/usr/bin/git submodule foreach --recursive sh -c "git config --local --name-only --get-regexp 'http\.https\:\/\/github\.com\/\.extraheader' && git config --local --unset-all 'http.https://github.com/.extraheader' || :"
2025-02-24T02:06:17.1269588Z [command]/usr/bin/git config --local http.https://github.com/.extraheader AUTHORIZATION: basic ***
2025-02-24T02:06:17.1306888Z ##[endgroup]
2025-02-24T02:06:17.1307610Z ##[group]Fetching the repository
2025-02-24T02:06:17.1315728Z [command]/usr/bin/git -c protocol.version=2 fetch --no-tags --prune --no-recurse-submodules --depth=1 origin +f785de282e6e4c896b36b9d8c7bb2ff1d5118872:refs/remotes/origin/main
2025-02-24T02:06:17.3725654Z From https://github.com/ajy0127/securityhub_soc2analysis
2025-02-24T02:06:17.3729007Z  * [new ref]         f785de282e6e4c896b36b9d8c7bb2ff1d5118872 -> origin/main
2025-02-24T02:06:17.3750831Z ##[endgroup]
2025-02-24T02:06:17.3751550Z ##[group]Determining the checkout info
2025-02-24T02:06:17.3753020Z ##[endgroup]
2025-02-24T02:06:17.3758898Z [command]/usr/bin/git sparse-checkout disable
2025-02-24T02:06:17.3798901Z [command]/usr/bin/git config --local --unset-all extensions.worktreeConfig
2025-02-24T02:06:17.3827422Z ##[group]Checking out the ref
2025-02-24T02:06:17.3831903Z [command]/usr/bin/git checkout --progress --force -B main refs/remotes/origin/main
2025-02-24T02:06:17.3923406Z Switched to a new branch 'main'
2025-02-24T02:06:17.3927160Z branch 'main' set up to track 'origin/main'.
2025-02-24T02:06:17.3932886Z ##[endgroup]
2025-02-24T02:06:17.3967643Z [command]/usr/bin/git log -1 --format=%H
2025-02-24T02:06:17.3990090Z f785de282e6e4c896b36b9d8c7bb2ff1d5118872
2025-02-24T02:06:17.4302909Z ##[group]Run actions/setup-python@v5
2025-02-24T02:06:17.4303475Z with:
2025-02-24T02:06:17.4303866Z   python-version: 3.10
2025-02-24T02:06:17.4304291Z   cache: pip
2025-02-24T02:06:17.4304675Z   check-latest: false
2025-02-24T02:06:17.4305460Z   token: ***
2025-02-24T02:06:17.4305934Z   update-environment: true
2025-02-24T02:06:17.4306402Z   allow-prereleases: false
2025-02-24T02:06:17.4306843Z ##[endgroup]
2025-02-24T02:06:17.6057404Z ##[group]Installed versions
2025-02-24T02:06:17.6120444Z Successfully set up CPython (3.10.16)
2025-02-24T02:06:17.6122199Z ##[endgroup]
2025-02-24T02:06:17.6733452Z [command]/opt/hostedtoolcache/Python/3.10.16/x64/bin/pip cache dir
2025-02-24T02:06:17.9073379Z /home/runner/.cache/pip
2025-02-24T02:06:18.0014560Z ##[warning]Cache not found for keys: setup-python-Linux-x64-24.04-Ubuntu-python-3.10.16-pip-91d90556e6b943c05d069084bc8cbcbd49e4bfe3709354780feecc28d856cb9e, setup-python-Linux-x64-24.04-Ubuntu-python-3.10.16-pip
2025-02-24T02:06:18.0025941Z pip cache is not found
2025-02-24T02:06:18.0136420Z ##[group]Run python -m pip install --upgrade pip setuptools wheel
2025-02-24T02:06:18.0137296Z [36;1mpython -m pip install --upgrade pip setuptools wheel[0m
2025-02-24T02:06:18.0137952Z [36;1mpip install -r requirements.txt[0m
2025-02-24T02:06:18.0284044Z shell: /usr/bin/bash -e {0}
2025-02-24T02:06:18.0284583Z env:
2025-02-24T02:06:18.0285109Z   pythonLocation: /opt/hostedtoolcache/Python/3.10.16/x64
2025-02-24T02:06:18.0286112Z   PKG_CONFIG_PATH: /opt/hostedtoolcache/Python/3.10.16/x64/lib/pkgconfig
2025-02-24T02:06:18.0286867Z   Python_ROOT_DIR: /opt/hostedtoolcache/Python/3.10.16/x64
2025-02-24T02:06:18.0287514Z   Python2_ROOT_DIR: /opt/hostedtoolcache/Python/3.10.16/x64
2025-02-24T02:06:18.0288145Z   Python3_ROOT_DIR: /opt/hostedtoolcache/Python/3.10.16/x64
2025-02-24T02:06:18.0288773Z   LD_LIBRARY_PATH: /opt/hostedtoolcache/Python/3.10.16/x64/lib
2025-02-24T02:06:18.0289317Z ##[endgroup]
2025-02-24T02:06:18.5380128Z Requirement already satisfied: pip in /opt/hostedtoolcache/Python/3.10.16/x64/lib/python3.10/site-packages (25.0.1)
2025-02-24T02:06:18.6181279Z Requirement already satisfied: setuptools in /opt/hostedtoolcache/Python/3.10.16/x64/lib/python3.10/site-packages (65.5.0)
2025-02-24T02:06:18.7543739Z Collecting setuptools
2025-02-24T02:06:18.7933310Z   Downloading setuptools-75.8.0-py3-none-any.whl.metadata (6.7 kB)
2025-02-24T02:06:18.8471181Z Collecting wheel
2025-02-24T02:06:18.8527907Z   Downloading wheel-0.45.1-py3-none-any.whl.metadata (2.3 kB)
2025-02-24T02:06:18.8614622Z Downloading setuptools-75.8.0-py3-none-any.whl (1.2 MB)
2025-02-24T02:06:18.8917591Z    ━━━━━━━━━━━━━━━━━━━━━━━━━━━━━━━━━━━━━━━━ 1.2/1.2 MB 69.7 MB/s eta 0:00:00
2025-02-24T02:06:18.8959636Z Downloading wheel-0.45.1-py3-none-any.whl (72 kB)
2025-02-24T02:06:18.9346922Z Installing collected packages: wheel, setuptools
2025-02-24T02:06:18.9789971Z   Attempting uninstall: setuptools
2025-02-24T02:06:18.9797081Z     Found existing installation: setuptools 65.5.0
2025-02-24T02:06:19.0036346Z     Uninstalling setuptools-65.5.0:
2025-02-24T02:06:19.0146938Z       Successfully uninstalled setuptools-65.5.0
2025-02-24T02:06:19.7219107Z Successfully installed setuptools-75.8.0 wheel-0.45.1
2025-02-24T02:06:20.5908310Z Collecting boto3==1.34.69 (from -r requirements.txt (line 1))
2025-02-24T02:06:20.6241548Z   Downloading boto3-1.34.69-py3-none-any.whl.metadata (6.6 kB)
2025-02-24T02:06:20.6419767Z Collecting python-dateutil==2.8.2 (from -r requirements.txt (line 2))
2025-02-24T02:06:20.6456131Z   Downloading python_dateutil-2.8.2-py2.py3-none-any.whl.metadata (8.2 kB)
2025-02-24T02:06:20.6724780Z Collecting requests==2.31.0 (from -r requirements.txt (line 3))
2025-02-24T02:06:20.6762943Z   Downloading requests-2.31.0-py3-none-any.whl.metadata (4.6 kB)
2025-02-24T02:06:20.7123833Z Collecting pytest==8.1.1 (from -r requirements.txt (line 4))
2025-02-24T02:06:20.7182559Z   Downloading pytest-8.1.1-py3-none-any.whl.metadata (7.6 kB)
2025-02-24T02:06:20.7359979Z Collecting pytest-cov==4.1.0 (from -r requirements.txt (line 5))
2025-02-24T02:06:20.7403640Z   Downloading pytest_cov-4.1.0-py3-none-any.whl.metadata (26 kB)
2025-02-24T02:06:20.7686170Z Collecting flake8==7.0.0 (from -r requirements.txt (line 6))
2025-02-24T02:06:20.7731735Z   Downloading flake8-7.0.0-py2.py3-none-any.whl.metadata (3.8 kB)
2025-02-24T02:06:20.8165667Z Collecting black==24.3.0 (from -r requirements.txt (line 7))
2025-02-24T02:06:20.8261702Z   Downloading black-24.3.0-cp310-cp310-manylinux_2_17_x86_64.manylinux2014_x86_64.whl.metadata (75 kB)
2025-02-24T02:06:20.9008416Z Collecting cfn-lint==0.85.1 (from -r requirements.txt (line 8))
2025-02-24T02:06:20.9364241Z   Downloading cfn_lint-0.85.1-py3-none-any.whl.metadata (16 kB)
2025-02-24T02:06:21.1194875Z Collecting moto==5.0.3 (from -r requirements.txt (line 9))
2025-02-24T02:06:21.1259216Z   Downloading moto-5.0.3-py2.py3-none-any.whl.metadata (11 kB)
2025-02-24T02:06:21.3219034Z Collecting mypy==1.9.0 (from -r requirements.txt (line 10))
2025-02-24T02:06:21.3311871Z   Downloading mypy-1.9.0-cp310-cp310-manylinux_2_17_x86_64.manylinux2014_x86_64.whl.metadata (1.9 kB)
2025-02-24T02:06:21.3866636Z Collecting bandit==1.7.8 (from -r requirements.txt (line 11))
2025-02-24T02:06:21.4068466Z   Downloading bandit-1.7.8-py3-none-any.whl.metadata (6.0 kB)
2025-02-24T02:06:21.4703894Z Collecting pre-commit==3.6.2 (from -r requirements.txt (line 12))
2025-02-24T02:06:21.4785017Z   Downloading pre_commit-3.6.2-py2.py3-none-any.whl.metadata (1.3 kB)
2025-02-24T02:06:21.9518593Z Collecting botocore<1.35.0,>=1.34.69 (from boto3==1.34.69->-r requirements.txt (line 1))
2025-02-24T02:06:21.9564869Z   Downloading botocore-1.34.162-py3-none-any.whl.metadata (5.7 kB)
2025-02-24T02:06:21.9717178Z Collecting jmespath<2.0.0,>=0.7.1 (from boto3==1.34.69->-r requirements.txt (line 1))
2025-02-24T02:06:21.9759024Z   Downloading jmespath-1.0.1-py3-none-any.whl.metadata (7.6 kB)
2025-02-24T02:06:21.9944563Z Collecting s3transfer<0.11.0,>=0.10.0 (from boto3==1.34.69->-r requirements.txt (line 1))
2025-02-24T02:06:21.9990324Z   Downloading s3transfer-0.10.4-py3-none-any.whl.metadata (1.7 kB)
2025-02-24T02:06:22.0368768Z Collecting six>=1.5 (from python-dateutil==2.8.2->-r requirements.txt (line 2))
2025-02-24T02:06:22.0445749Z   Downloading six-1.17.0-py2.py3-none-any.whl.metadata (1.7 kB)
2025-02-24T02:06:22.1178878Z Collecting charset-normalizer<4,>=2 (from requests==2.31.0->-r requirements.txt (line 3))
2025-02-24T02:06:22.1218196Z   Downloading charset_normalizer-3.4.1-cp310-cp310-manylinux_2_17_x86_64.manylinux2014_x86_64.whl.metadata (35 kB)
2025-02-24T02:06:22.1443114Z Collecting idna<4,>=2.5 (from requests==2.31.0->-r requirements.txt (line 3))
2025-02-24T02:06:22.1479645Z   Downloading idna-3.10-py3-none-any.whl.metadata (10 kB)
2025-02-24T02:06:22.1865176Z Collecting urllib3<3,>=1.21.1 (from requests==2.31.0->-r requirements.txt (line 3))
2025-02-24T02:06:22.1907228Z   Downloading urllib3-2.3.0-py3-none-any.whl.metadata (6.5 kB)
2025-02-24T02:06:22.2111253Z Collecting certifi>=2017.4.17 (from requests==2.31.0->-r requirements.txt (line 3))
2025-02-24T02:06:22.2148915Z   Downloading certifi-2025.1.31-py3-none-any.whl.metadata (2.5 kB)
2025-02-24T02:06:22.2342975Z Collecting iniconfig (from pytest==8.1.1->-r requirements.txt (line 4))
2025-02-24T02:06:22.2385554Z   Downloading iniconfig-2.0.0-py3-none-any.whl.metadata (2.6 kB)
2025-02-24T02:06:22.2655793Z Collecting packaging (from pytest==8.1.1->-r requirements.txt (line 4))
2025-02-24T02:06:22.2702240Z   Downloading packaging-24.2-py3-none-any.whl.metadata (3.2 kB)
2025-02-24T02:06:22.3318370Z Collecting pluggy<2.0,>=1.4 (from pytest==8.1.1->-r requirements.txt (line 4))
2025-02-24T02:06:22.3385004Z   Downloading pluggy-1.5.0-py3-none-any.whl.metadata (4.8 kB)
2025-02-24T02:06:22.3724908Z Collecting exceptiongroup>=1.0.0rc8 (from pytest==8.1.1->-r requirements.txt (line 4))
2025-02-24T02:06:22.3788087Z   Downloading exceptiongroup-1.2.2-py3-none-any.whl.metadata (6.6 kB)
2025-02-24T02:06:22.4056281Z Collecting tomli>=1 (from pytest==8.1.1->-r requirements.txt (line 4))
2025-02-24T02:06:22.4102274Z   Downloading tomli-2.2.1-py3-none-any.whl.metadata (10 kB)
2025-02-24T02:06:22.7018498Z Collecting coverage>=5.2.1 (from coverage[toml]>=5.2.1->pytest-cov==4.1.0->-r requirements.txt (line 5))
2025-02-24T02:06:22.7098973Z   Downloading coverage-7.6.12-cp310-cp310-manylinux_2_5_x86_64.manylinux1_x86_64.manylinux_2_17_x86_64.manylinux2014_x86_64.whl.metadata (8.5 kB)
2025-02-24T02:06:22.7707130Z Collecting mccabe<0.8.0,>=0.7.0 (from flake8==7.0.0->-r requirements.txt (line 6))
2025-02-24T02:06:22.7773870Z   Downloading mccabe-0.7.0-py2.py3-none-any.whl.metadata (5.0 kB)
2025-02-24T02:06:22.8650252Z Collecting pycodestyle<2.12.0,>=2.11.0 (from flake8==7.0.0->-r requirements.txt (line 6))
2025-02-24T02:06:22.8747025Z   Downloading pycodestyle-2.11.1-py2.py3-none-any.whl.metadata (4.5 kB)
2025-02-24T02:06:22.9238236Z Collecting pyflakes<3.3.0,>=3.2.0 (from flake8==7.0.0->-r requirements.txt (line 6))
2025-02-24T02:06:22.9298964Z   Downloading pyflakes-3.2.0-py2.py3-none-any.whl.metadata (3.5 kB)
2025-02-24T02:06:22.9689750Z Collecting click>=8.0.0 (from black==24.3.0->-r requirements.txt (line 7))
2025-02-24T02:06:22.9797356Z   Downloading click-8.1.8-py3-none-any.whl.metadata (2.3 kB)
2025-02-24T02:06:22.9986222Z Collecting mypy-extensions>=0.4.3 (from black==24.3.0->-r requirements.txt (line 7))
2025-02-24T02:06:23.0100797Z   Downloading mypy_extensions-1.0.0-py3-none-any.whl.metadata (1.1 kB)
2025-02-24T02:06:23.0414328Z Collecting pathspec>=0.9.0 (from black==24.3.0->-r requirements.txt (line 7))
2025-02-24T02:06:23.0605730Z   Downloading pathspec-0.12.1-py3-none-any.whl.metadata (21 kB)
2025-02-24T02:06:23.1058434Z Collecting platformdirs>=2 (from black==24.3.0->-r requirements.txt (line 7))
2025-02-24T02:06:23.1196112Z   Downloading platformdirs-4.3.6-py3-none-any.whl.metadata (11 kB)
2025-02-24T02:06:23.1551533Z Collecting typing-extensions>=4.0.1 (from black==24.3.0->-r requirements.txt (line 7))
2025-02-24T02:06:23.1642347Z   Downloading typing_extensions-4.12.2-py3-none-any.whl.metadata (3.0 kB)
2025-02-24T02:06:23.2119393Z Collecting pyyaml>5.4 (from cfn-lint==0.85.1->-r requirements.txt (line 8))
2025-02-24T02:06:23.2165582Z   Downloading PyYAML-6.0.2-cp310-cp310-manylinux_2_17_x86_64.manylinux2014_x86_64.whl.metadata (2.1 kB)
2025-02-24T02:06:23.2948478Z Collecting aws-sam-translator>=1.84.0 (from cfn-lint==0.85.1->-r requirements.txt (line 8))
2025-02-24T02:06:23.3030600Z   Downloading aws_sam_translator-1.95.0-py3-none-any.whl.metadata (8.3 kB)
2025-02-24T02:06:23.3432633Z Collecting jsonpatch (from cfn-lint==0.85.1->-r requirements.txt (line 8))
2025-02-24T02:06:23.3477301Z   Downloading jsonpatch-1.33-py2.py3-none-any.whl.metadata (3.0 kB)
2025-02-24T02:06:23.4101290Z Collecting jsonschema<5,>=3.0 (from cfn-lint==0.85.1->-r requirements.txt (line 8))
2025-02-24T02:06:23.4138758Z   Downloading jsonschema-4.23.0-py3-none-any.whl.metadata (7.9 kB)
2025-02-24T02:06:23.4430384Z Collecting networkx<4,>=2.4 (from cfn-lint==0.85.1->-r requirements.txt (line 8))
2025-02-24T02:06:23.4475636Z   Downloading networkx-3.4.2-py3-none-any.whl.metadata (6.3 kB)
2025-02-24T02:06:23.4686166Z Collecting junit-xml~=1.9 (from cfn-lint==0.85.1->-r requirements.txt (line 8))
2025-02-24T02:06:23.4725110Z   Downloading junit_xml-1.9-py2.py3-none-any.whl.metadata (3.2 kB)
2025-02-24T02:06:23.4993241Z Collecting jschema-to-python~=1.2.3 (from cfn-lint==0.85.1->-r requirements.txt (line 8))
2025-02-24T02:06:23.5103099Z   Downloading jschema_to_python-1.2.3-py3-none-any.whl.metadata (3.1 kB)
2025-02-24T02:06:23.5456699Z Collecting sarif-om~=1.0.4 (from cfn-lint==0.85.1->-r requirements.txt (line 8))
2025-02-24T02:06:23.5513953Z   Downloading sarif_om-1.0.4-py3-none-any.whl.metadata (3.2 kB)
2025-02-24T02:06:23.5742835Z Collecting sympy>=1.0.0 (from cfn-lint==0.85.1->-r requirements.txt (line 8))
2025-02-24T02:06:23.5778909Z   Downloading sympy-1.13.3-py3-none-any.whl.metadata (12 kB)
2025-02-24T02:06:23.8991608Z Collecting regex>=2021.7.1 (from cfn-lint==0.85.1->-r requirements.txt (line 8))
2025-02-24T02:06:23.9046084Z   Downloading regex-2024.11.6-cp310-cp310-manylinux_2_17_x86_64.manylinux2014_x86_64.whl.metadata (40 kB)
2025-02-24T02:06:24.3110762Z Collecting cryptography>=3.3.1 (from moto==5.0.3->-r requirements.txt (line 9))
2025-02-24T02:06:24.3166379Z   Downloading cryptography-44.0.1-cp39-abi3-manylinux_2_34_x86_64.whl.metadata (5.7 kB)
2025-02-24T02:06:24.3437721Z Collecting xmltodict (from moto==5.0.3->-r requirements.txt (line 9))
2025-02-24T02:06:24.3475574Z   Downloading xmltodict-0.14.2-py2.py3-none-any.whl.metadata (8.0 kB)
2025-02-24T02:06:24.3791584Z Collecting werkzeug!=2.2.0,!=2.2.1,>=0.5 (from moto==5.0.3->-r requirements.txt (line 9))
2025-02-24T02:06:24.3838697Z   Downloading werkzeug-3.1.3-py3-none-any.whl.metadata (3.7 kB)
2025-02-24T02:06:24.4054305Z Collecting responses>=0.15.0 (from moto==5.0.3->-r requirements.txt (line 9))
2025-02-24T02:06:24.4121876Z   Downloading responses-0.25.6-py3-none-any.whl.metadata (47 kB)
2025-02-24T02:06:24.4313966Z Collecting Jinja2>=2.10.1 (from moto==5.0.3->-r requirements.txt (line 9))
2025-02-24T02:06:24.4377636Z   Downloading jinja2-3.1.5-py3-none-any.whl.metadata (2.6 kB)
2025-02-24T02:06:24.4703391Z Collecting stevedore>=1.20.0 (from bandit==1.7.8->-r requirements.txt (line 11))
2025-02-24T02:06:24.4743531Z   Downloading stevedore-5.4.1-py3-none-any.whl.metadata (2.3 kB)
2025-02-24T02:06:24.5127101Z Collecting rich (from bandit==1.7.8->-r requirements.txt (line 11))
2025-02-24T02:06:24.5168928Z   Downloading rich-13.9.4-py3-none-any.whl.metadata (18 kB)
2025-02-24T02:06:24.5440255Z Collecting cfgv>=2.0.0 (from pre-commit==3.6.2->-r requirements.txt (line 12))
2025-02-24T02:06:24.5479690Z   Downloading cfgv-3.4.0-py2.py3-none-any.whl.metadata (8.5 kB)
2025-02-24T02:06:24.5933469Z Collecting identify>=1.0.0 (from pre-commit==3.6.2->-r requirements.txt (line 12))
2025-02-24T02:06:24.5976954Z   Downloading identify-2.6.8-py2.py3-none-any.whl.metadata (4.4 kB)
2025-02-24T02:06:24.6139103Z Collecting nodeenv>=0.11.1 (from pre-commit==3.6.2->-r requirements.txt (line 12))
2025-02-24T02:06:24.6175559Z   Downloading nodeenv-1.9.1-py2.py3-none-any.whl.metadata (21 kB)
2025-02-24T02:06:24.6629667Z Collecting virtualenv>=20.10.0 (from pre-commit==3.6.2->-r requirements.txt (line 12))
2025-02-24T02:06:24.6669545Z   Downloading virtualenv-20.29.2-py3-none-any.whl.metadata (4.5 kB)
2025-02-24T02:06:24.9287598Z Collecting pydantic!=1.10.15,!=1.10.17,<3,>=1.8 (from aws-sam-translator>=1.84.0->cfn-lint==0.85.1->-r requirements.txt (line 8))
2025-02-24T02:06:24.9333911Z   Downloading pydantic-2.10.6-py3-none-any.whl.metadata (30 kB)
2025-02-24T02:06:25.0603808Z Collecting cffi>=1.12 (from cryptography>=3.3.1->moto==5.0.3->-r requirements.txt (line 9))
2025-02-24T02:06:25.0643839Z   Downloading cffi-1.17.1-cp310-cp310-manylinux_2_17_x86_64.manylinux2014_x86_64.whl.metadata (1.5 kB)
2025-02-24T02:06:25.1142523Z Collecting MarkupSafe>=2.0 (from Jinja2>=2.10.1->moto==5.0.3->-r requirements.txt (line 9))
2025-02-24T02:06:25.1180735Z   Downloading MarkupSafe-3.0.2-cp310-cp310-manylinux_2_17_x86_64.manylinux2014_x86_64.whl.metadata (4.0 kB)
2025-02-24T02:06:25.1342839Z Collecting attrs (from jschema-to-python~=1.2.3->cfn-lint==0.85.1->-r requirements.txt (line 8))
2025-02-24T02:06:25.1379569Z   Downloading attrs-25.1.0-py3-none-any.whl.metadata (10 kB)
2025-02-24T02:06:25.1638605Z Collecting jsonpickle (from jschema-to-python~=1.2.3->cfn-lint==0.85.1->-r requirements.txt (line 8))
2025-02-24T02:06:25.1682747Z   Downloading jsonpickle-4.0.2-py3-none-any.whl.metadata (8.2 kB)
2025-02-24T02:06:25.1960232Z Collecting pbr (from jschema-to-python~=1.2.3->cfn-lint==0.85.1->-r requirements.txt (line 8))
2025-02-24T02:06:25.2002293Z   Downloading pbr-6.1.1-py2.py3-none-any.whl.metadata (3.4 kB)
2025-02-24T02:06:25.2189539Z Collecting jsonschema-specifications>=2023.03.6 (from jsonschema<5,>=3.0->cfn-lint==0.85.1->-r requirements.txt (line 8))
2025-02-24T02:06:25.2225992Z   Downloading jsonschema_specifications-2024.10.1-py3-none-any.whl.metadata (3.0 kB)
2025-02-24T02:06:25.3059528Z Collecting referencing>=0.28.4 (from jsonschema<5,>=3.0->cfn-lint==0.85.1->-r requirements.txt (line 8))
2025-02-24T02:06:25.3096922Z   Downloading referencing-0.36.2-py3-none-any.whl.metadata (2.8 kB)
2025-02-24T02:06:25.5107643Z Collecting rpds-py>=0.7.1 (from jsonschema<5,>=3.0->cfn-lint==0.85.1->-r requirements.txt (line 8))
2025-02-24T02:06:25.5159254Z   Downloading rpds_py-0.23.1-cp310-cp310-manylinux_2_17_x86_64.manylinux2014_x86_64.whl.metadata (4.1 kB)
2025-02-24T02:06:25.8124412Z Collecting mpmath<1.4,>=1.1.0 (from sympy>=1.0.0->cfn-lint==0.85.1->-r requirements.txt (line 8))
2025-02-24T02:06:25.8160766Z   Downloading mpmath-1.3.0-py3-none-any.whl.metadata (8.6 kB)
2025-02-24T02:06:25.8389178Z Collecting distlib<1,>=0.3.7 (from virtualenv>=20.10.0->pre-commit==3.6.2->-r requirements.txt (line 12))
2025-02-24T02:06:25.8424842Z   Downloading distlib-0.3.9-py2.py3-none-any.whl.metadata (5.2 kB)
2025-02-24T02:06:25.8610655Z Collecting filelock<4,>=3.12.2 (from virtualenv>=20.10.0->pre-commit==3.6.2->-r requirements.txt (line 12))
2025-02-24T02:06:25.8647090Z   Downloading filelock-3.17.0-py3-none-any.whl.metadata (2.9 kB)
2025-02-24T02:06:25.8949744Z Collecting jsonpointer>=1.9 (from jsonpatch->cfn-lint==0.85.1->-r requirements.txt (line 8))
2025-02-24T02:06:25.8985224Z   Downloading jsonpointer-3.0.0-py2.py3-none-any.whl.metadata (2.3 kB)
2025-02-24T02:06:25.9163531Z Collecting markdown-it-py>=2.2.0 (from rich->bandit==1.7.8->-r requirements.txt (line 11))
2025-02-24T02:06:25.9199891Z   Downloading markdown_it_py-3.0.0-py3-none-any.whl.metadata (6.9 kB)
2025-02-24T02:06:26.0122891Z Collecting pygments<3.0.0,>=2.13.0 (from rich->bandit==1.7.8->-r requirements.txt (line 11))
2025-02-24T02:06:26.0164037Z   Downloading pygments-2.19.1-py3-none-any.whl.metadata (2.5 kB)
2025-02-24T02:06:26.0404830Z Collecting pycparser (from cffi>=1.12->cryptography>=3.3.1->moto==5.0.3->-r requirements.txt (line 9))
2025-02-24T02:06:26.0444973Z   Downloading pycparser-2.22-py3-none-any.whl.metadata (943 bytes)
2025-02-24T02:06:26.0717065Z Collecting mdurl~=0.1 (from markdown-it-py>=2.2.0->rich->bandit==1.7.8->-r requirements.txt (line 11))
2025-02-24T02:06:26.0758186Z   Downloading mdurl-0.1.2-py3-none-any.whl.metadata (1.6 kB)
2025-02-24T02:06:26.0845025Z Requirement already satisfied: setuptools in /opt/hostedtoolcache/Python/3.10.16/x64/lib/python3.10/site-packages (from pbr->jschema-to-python~=1.2.3->cfn-lint==0.85.1->-r requirements.txt (line 8)) (75.8.0)
2025-02-24T02:06:26.0951201Z Collecting annotated-types>=0.6.0 (from pydantic!=1.10.15,!=1.10.17,<3,>=1.8->aws-sam-translator>=1.84.0->cfn-lint==0.85.1->-r requirements.txt (line 8))
2025-02-24T02:06:26.0987093Z   Downloading annotated_types-0.7.0-py3-none-any.whl.metadata (15 kB)
2025-02-24T02:06:26.6558141Z Collecting pydantic-core==2.27.2 (from pydantic!=1.10.15,!=1.10.17,<3,>=1.8->aws-sam-translator>=1.84.0->cfn-lint==0.85.1->-r requirements.txt (line 8))
2025-02-24T02:06:26.6624854Z   Downloading pydantic_core-2.27.2-cp310-cp310-manylinux_2_17_x86_64.manylinux2014_x86_64.whl.metadata (6.6 kB)
2025-02-24T02:06:26.7332269Z Downloading boto3-1.34.69-py3-none-any.whl (139 kB)
2025-02-24T02:06:26.7416721Z Downloading python_dateutil-2.8.2-py2.py3-none-any.whl (247 kB)
2025-02-24T02:06:26.7489381Z Downloading requests-2.31.0-py3-none-any.whl (62 kB)
2025-02-24T02:06:26.7592834Z Downloading pytest-8.1.1-py3-none-any.whl (337 kB)
2025-02-24T02:06:26.7686013Z Downloading pytest_cov-4.1.0-py3-none-any.whl (21 kB)
2025-02-24T02:06:26.7754912Z Downloading flake8-7.0.0-py2.py3-none-any.whl (57 kB)
2025-02-24T02:06:26.7869747Z Downloading black-24.3.0-cp310-cp310-manylinux_2_17_x86_64.manylinux2014_x86_64.whl (1.7 MB)
2025-02-24T02:06:26.8051586Z    ━━━━━━━━━━━━━━━━━━━━━━━━━━━━━━━━━━━━━━━━ 1.7/1.7 MB 102.0 MB/s eta 0:00:00
2025-02-24T02:06:26.8358302Z Downloading cfn_lint-0.85.1-py3-none-any.whl (3.7 MB)
2025-02-24T02:06:26.8685670Z    ━━━━━━━━━━━━━━━━━━━━━━━━━━━━━━━━━━━━━━━━ 3.7/3.7 MB 118.8 MB/s eta 0:00:00
2025-02-24T02:06:26.8817410Z Downloading moto-5.0.3-py2.py3-none-any.whl (3.3 MB)
2025-02-24T02:06:26.9149614Z    ━━━━━━━━━━━━━━━━━━━━━━━━━━━━━━━━━━━━━━━━ 3.3/3.3 MB 101.1 MB/s eta 0:00:00
2025-02-24T02:06:26.9250535Z Downloading mypy-1.9.0-cp310-cp310-manylinux_2_17_x86_64.manylinux2014_x86_64.whl (12.5 MB)
2025-02-24T02:06:27.0525743Z    ━━━━━━━━━━━━━━━━━━━━━━━━━━━━━━━━━━━━━━━━ 12.5/12.5 MB 98.6 MB/s eta 0:00:00
2025-02-24T02:06:27.0594791Z Downloading bandit-1.7.8-py3-none-any.whl (127 kB)
2025-02-24T02:06:27.0721939Z Downloading pre_commit-3.6.2-py2.py3-none-any.whl (204 kB)
2025-02-24T02:06:27.0811622Z Downloading aws_sam_translator-1.95.0-py3-none-any.whl (385 kB)
2025-02-24T02:06:27.0882254Z Downloading botocore-1.34.162-py3-none-any.whl (12.5 MB)
2025-02-24T02:06:27.1553987Z    ━━━━━━━━━━━━━━━━━━━━━━━━━━━━━━━━━━━━━━━━ 12.5/12.5 MB 189.6 MB/s eta 0:00:00
2025-02-24T02:06:27.1590532Z Downloading certifi-2025.1.31-py3-none-any.whl (166 kB)
2025-02-24T02:06:27.1654209Z Downloading cfgv-3.4.0-py2.py3-none-any.whl (7.2 kB)
2025-02-24T02:06:27.1707028Z Downloading charset_normalizer-3.4.1-cp310-cp310-manylinux_2_17_x86_64.manylinux2014_x86_64.whl (146 kB)
2025-02-24T02:06:27.1773008Z Downloading click-8.1.8-py3-none-any.whl (98 kB)
2025-02-24T02:06:27.1840363Z Downloading coverage-7.6.12-cp310-cp310-manylinux_2_5_x86_64.manylinux1_x86_64.manylinux_2_17_x86_64.manylinux2014_x86_64.whl (236 kB)
2025-02-24T02:06:27.1922297Z Downloading cryptography-44.0.1-cp39-abi3-manylinux_2_34_x86_64.whl (4.2 MB)
2025-02-24T02:06:27.2154788Z    ━━━━━━━━━━━━━━━━━━━━━━━━━━━━━━━━━━━━━━━━ 4.2/4.2 MB 191.6 MB/s eta 0:00:00
2025-02-24T02:06:27.2193598Z Downloading exceptiongroup-1.2.2-py3-none-any.whl (16 kB)
2025-02-24T02:06:27.2249446Z Downloading identify-2.6.8-py2.py3-none-any.whl (99 kB)
2025-02-24T02:06:27.2310640Z Downloading idna-3.10-py3-none-any.whl (70 kB)
2025-02-24T02:06:27.2367617Z Downloading jinja2-3.1.5-py3-none-any.whl (134 kB)
2025-02-24T02:06:27.2428022Z Downloading jmespath-1.0.1-py3-none-any.whl (20 kB)
2025-02-24T02:06:27.2505110Z Downloading jschema_to_python-1.2.3-py3-none-any.whl (10 kB)
2025-02-24T02:06:27.2561570Z Downloading jsonschema-4.23.0-py3-none-any.whl (88 kB)
2025-02-24T02:06:27.2620645Z Downloading junit_xml-1.9-py2.py3-none-any.whl (7.1 kB)
2025-02-24T02:06:27.2677588Z Downloading mccabe-0.7.0-py2.py3-none-any.whl (7.3 kB)
2025-02-24T02:06:27.2734304Z Downloading mypy_extensions-1.0.0-py3-none-any.whl (4.7 kB)
2025-02-24T02:06:27.2792744Z Downloading networkx-3.4.2-py3-none-any.whl (1.7 MB)
2025-02-24T02:06:27.2922065Z    ━━━━━━━━━━━━━━━━━━━━━━━━━━━━━━━━━━━━━━━━ 1.7/1.7 MB 153.9 MB/s eta 0:00:00
2025-02-24T02:06:27.2959820Z Downloading nodeenv-1.9.1-py2.py3-none-any.whl (22 kB)
2025-02-24T02:06:27.3015563Z Downloading packaging-24.2-py3-none-any.whl (65 kB)
2025-02-24T02:06:27.3075758Z Downloading pathspec-0.12.1-py3-none-any.whl (31 kB)
2025-02-24T02:06:27.3131185Z Downloading platformdirs-4.3.6-py3-none-any.whl (18 kB)
2025-02-24T02:06:27.3191177Z Downloading pluggy-1.5.0-py3-none-any.whl (20 kB)
2025-02-24T02:06:27.3244304Z Downloading pycodestyle-2.11.1-py2.py3-none-any.whl (31 kB)
2025-02-24T02:06:27.3301419Z Downloading pyflakes-3.2.0-py2.py3-none-any.whl (62 kB)
2025-02-24T02:06:27.3375898Z Downloading PyYAML-6.0.2-cp310-cp310-manylinux_2_17_x86_64.manylinux2014_x86_64.whl (751 kB)
2025-02-24T02:06:27.3457988Z    ━━━━━━━━━━━━━━━━━━━━━━━━━━━━━━━━━━━━━━━ 751.2/751.2 kB 109.7 MB/s eta 0:00:00
2025-02-24T02:06:27.3496125Z Downloading regex-2024.11.6-cp310-cp310-manylinux_2_17_x86_64.manylinux2014_x86_64.whl (781 kB)
2025-02-24T02:06:27.3581268Z    ━━━━━━━━━━━━━━━━━━━━━━━━━━━━━━━━━━━━━━━ 781.7/781.7 kB 103.5 MB/s eta 0:00:00
2025-02-24T02:06:27.3622597Z Downloading responses-0.25.6-py3-none-any.whl (34 kB)
2025-02-24T02:06:27.3711295Z Downloading s3transfer-0.10.4-py3-none-any.whl (83 kB)
2025-02-24T02:06:27.3861472Z Downloading sarif_om-1.0.4-py3-none-any.whl (30 kB)
2025-02-24T02:06:27.3970002Z Downloading six-1.17.0-py2.py3-none-any.whl (11 kB)
2025-02-24T02:06:27.4037976Z Downloading stevedore-5.4.1-py3-none-any.whl (49 kB)
2025-02-24T02:06:27.4103570Z Downloading sympy-1.13.3-py3-none-any.whl (6.2 MB)
2025-02-24T02:06:27.4703242Z    ━━━━━━━━━━━━━━━━━━━━━━━━━━━━━━━━━━━━━━━━ 6.2/6.2 MB 109.0 MB/s eta 0:00:00
2025-02-24T02:06:27.4744601Z Downloading tomli-2.2.1-py3-none-any.whl (14 kB)
2025-02-24T02:06:27.4803971Z Downloading typing_extensions-4.12.2-py3-none-any.whl (37 kB)
2025-02-24T02:06:27.4861358Z Downloading urllib3-2.3.0-py3-none-any.whl (128 kB)
2025-02-24T02:06:27.4933467Z Downloading virtualenv-20.29.2-py3-none-any.whl (4.3 MB)
2025-02-24T02:06:27.5193480Z    ━━━━━━━━━━━━━━━━━━━━━━━━━━━━━━━━━━━━━━━━ 4.3/4.3 MB 176.5 MB/s eta 0:00:00
2025-02-24T02:06:27.5234028Z Downloading werkzeug-3.1.3-py3-none-any.whl (224 kB)
2025-02-24T02:06:27.5300862Z Downloading iniconfig-2.0.0-py3-none-any.whl (5.9 kB)
2025-02-24T02:06:27.5353024Z Downloading jsonpatch-1.33-py2.py3-none-any.whl (12 kB)
2025-02-24T02:06:27.5414880Z Downloading rich-13.9.4-py3-none-any.whl (242 kB)
2025-02-24T02:06:27.5483430Z Downloading xmltodict-0.14.2-py2.py3-none-any.whl (10.0 kB)
2025-02-24T02:06:27.5557194Z Downloading attrs-25.1.0-py3-none-any.whl (63 kB)
2025-02-24T02:06:27.5623499Z Downloading cffi-1.17.1-cp310-cp310-manylinux_2_17_x86_64.manylinux2014_x86_64.whl (446 kB)
2025-02-24T02:06:27.5709821Z Downloading distlib-0.3.9-py2.py3-none-any.whl (468 kB)
2025-02-24T02:06:27.5795211Z Downloading filelock-3.17.0-py3-none-any.whl (16 kB)
2025-02-24T02:06:27.5851054Z Downloading jsonpointer-3.0.0-py2.py3-none-any.whl (7.6 kB)
2025-02-24T02:06:27.5904112Z Downloading jsonschema_specifications-2024.10.1-py3-none-any.whl (18 kB)
2025-02-24T02:06:27.6008028Z Downloading markdown_it_py-3.0.0-py3-none-any.whl (87 kB)
2025-02-24T02:06:27.6076511Z Downloading MarkupSafe-3.0.2-cp310-cp310-manylinux_2_17_x86_64.manylinux2014_x86_64.whl (20 kB)
2025-02-24T02:06:27.6134747Z Downloading mpmath-1.3.0-py3-none-any.whl (536 kB)
2025-02-24T02:06:27.6199733Z    ━━━━━━━━━━━━━━━━━━━━━━━━━━━━━━━━━━━━━━━━ 536.2/536.2 kB 77.8 MB/s eta 0:00:00
2025-02-24T02:06:27.6236896Z Downloading pbr-6.1.1-py2.py3-none-any.whl (108 kB)
2025-02-24T02:06:27.6294393Z Downloading pydantic-2.10.6-py3-none-any.whl (431 kB)
2025-02-24T02:06:27.6377510Z Downloading pydantic_core-2.27.2-cp310-cp310-manylinux_2_17_x86_64.manylinux2014_x86_64.whl (2.0 MB)
2025-02-24T02:06:27.6522344Z    ━━━━━━━━━━━━━━━━━━━━━━━━━━━━━━━━━━━━━━━━ 2.0/2.0 MB 146.2 MB/s eta 0:00:00
2025-02-24T02:06:27.6559128Z Downloading pygments-2.19.1-py3-none-any.whl (1.2 MB)
2025-02-24T02:06:27.6659778Z    ━━━━━━━━━━━━━━━━━━━━━━━━━━━━━━━━━━━━━━━━ 1.2/1.2 MB 135.3 MB/s eta 0:00:00
2025-02-24T02:06:27.6693420Z Downloading referencing-0.36.2-py3-none-any.whl (26 kB)
2025-02-24T02:06:27.6752439Z Downloading rpds_py-0.23.1-cp310-cp310-manylinux_2_17_x86_64.manylinux2014_x86_64.whl (386 kB)
2025-02-24T02:06:27.6823376Z Downloading jsonpickle-4.0.2-py3-none-any.whl (46 kB)
2025-02-24T02:06:27.7010274Z Downloading annotated_types-0.7.0-py3-none-any.whl (13 kB)
2025-02-24T02:06:27.7062504Z Downloading mdurl-0.1.2-py3-none-any.whl (10.0 kB)
2025-02-24T02:06:27.7122921Z Downloading pycparser-2.22-py3-none-any.whl (117 kB)
2025-02-24T02:06:28.1298694Z Installing collected packages: mpmath, distlib, xmltodict, urllib3, typing-extensions, tomli, sympy, six, rpds-py, regex, pyyaml, pygments, pyflakes, pycparser, pycodestyle, pluggy, platformdirs, pbr, pathspec, packaging, nodeenv, networkx, mypy-extensions, mdurl, mccabe, MarkupSafe, jsonpointer, jsonpickle, jmespath, iniconfig, idna, identify, filelock, exceptiongroup, coverage, click, charset-normalizer, cfgv, certifi, attrs, annotated-types, werkzeug, virtualenv, stevedore, sarif-om, requests, referencing, python-dateutil, pytest, pydantic-core, mypy, markdown-it-py, junit-xml, jsonpatch, jschema-to-python, Jinja2, flake8, cffi, black, rich, responses, pytest-cov, pydantic, pre-commit, jsonschema-specifications, cryptography, botocore, s3transfer, jsonschema, bandit, boto3, moto, aws-sam-translator, cfn-lint
2025-02-24T02:06:41.3467529Z Successfully installed Jinja2-3.1.5 MarkupSafe-3.0.2 annotated-types-0.7.0 attrs-25.1.0 aws-sam-translator-1.95.0 bandit-1.7.8 black-24.3.0 boto3-1.34.69 botocore-1.34.162 certifi-2025.1.31 cffi-1.17.1 cfgv-3.4.0 cfn-lint-0.85.1 charset-normalizer-3.4.1 click-8.1.8 coverage-7.6.12 cryptography-44.0.1 distlib-0.3.9 exceptiongroup-1.2.2 filelock-3.17.0 flake8-7.0.0 identify-2.6.8 idna-3.10 iniconfig-2.0.0 jmespath-1.0.1 jschema-to-python-1.2.3 jsonpatch-1.33 jsonpickle-4.0.2 jsonpointer-3.0.0 jsonschema-4.23.0 jsonschema-specifications-2024.10.1 junit-xml-1.9 markdown-it-py-3.0.0 mccabe-0.7.0 mdurl-0.1.2 moto-5.0.3 mpmath-1.3.0 mypy-1.9.0 mypy-extensions-1.0.0 networkx-3.4.2 nodeenv-1.9.1 packaging-24.2 pathspec-0.12.1 pbr-6.1.1 platformdirs-4.3.6 pluggy-1.5.0 pre-commit-3.6.2 pycodestyle-2.11.1 pycparser-2.22 pydantic-2.10.6 pydantic-core-2.27.2 pyflakes-3.2.0 pygments-2.19.1 pytest-8.1.1 pytest-cov-4.1.0 python-dateutil-2.8.2 pyyaml-6.0.2 referencing-0.36.2 regex-2024.11.6 requests-2.31.0 responses-0.25.6 rich-13.9.4 rpds-py-0.23.1 s3transfer-0.10.4 sarif-om-1.0.4 six-1.17.0 stevedore-5.4.1 sympy-1.13.3 tomli-2.2.1 typing-extensions-4.12.2 urllib3-2.3.0 virtualenv-20.29.2 werkzeug-3.1.3 xmltodict-0.14.2
2025-02-24T02:06:41.6642927Z ##[group]Run python -m pytest tests/ --cov=src/ --cov-report=xml
2025-02-24T02:06:41.6643440Z [36;1mpython -m pytest tests/ --cov=src/ --cov-report=xml[0m
2025-02-24T02:06:41.6703688Z shell: /usr/bin/bash -e {0}
2025-02-24T02:06:41.6703942Z env:
2025-02-24T02:06:41.6704211Z   pythonLocation: /opt/hostedtoolcache/Python/3.10.16/x64
2025-02-24T02:06:41.6704671Z   PKG_CONFIG_PATH: /opt/hostedtoolcache/Python/3.10.16/x64/lib/pkgconfig
2025-02-24T02:06:41.6705156Z   Python_ROOT_DIR: /opt/hostedtoolcache/Python/3.10.16/x64
2025-02-24T02:06:41.6705679Z   Python2_ROOT_DIR: /opt/hostedtoolcache/Python/3.10.16/x64
2025-02-24T02:06:41.6706077Z   Python3_ROOT_DIR: /opt/hostedtoolcache/Python/3.10.16/x64
2025-02-24T02:06:41.6706472Z   LD_LIBRARY_PATH: /opt/hostedtoolcache/Python/3.10.16/x64/lib
2025-02-24T02:06:41.6706800Z ##[endgroup]
2025-02-24T02:06:42.2608680Z ============================= test session starts ==============================
2025-02-24T02:06:42.2609615Z platform linux -- Python 3.10.16, pytest-8.1.1, pluggy-1.5.0
2025-02-24T02:06:42.2610326Z rootdir: /home/runner/work/securityhub_soc2analysis/securityhub_soc2analysis
2025-02-24T02:06:42.2610920Z configfile: pytest.ini
2025-02-24T02:06:42.2611237Z plugins: cov-4.1.0
2025-02-24T02:06:42.2611555Z collected 0 items / 1 error
2025-02-24T02:06:42.2611775Z 
2025-02-24T02:06:42.2611949Z ==================================== ERRORS ====================================
2025-02-24T02:06:42.2612519Z _____________________ ERROR collecting tests/test_index.py _____________________
2025-02-24T02:06:42.2613540Z ImportError while importing test module '/home/runner/work/securityhub_soc2analysis/securityhub_soc2analysis/tests/test_index.py'.
2025-02-24T02:06:42.2614565Z Hint: make sure your test modules/packages have valid Python names.
2025-02-24T02:06:42.2615067Z Traceback:
2025-02-24T02:06:42.2615830Z /opt/hostedtoolcache/Python/3.10.16/x64/lib/python3.10/importlib/__init__.py:126: in import_module
2025-02-24T02:06:42.2616624Z     return _bootstrap._gcd_import(name[level:], package, level)
2025-02-24T02:06:42.2617106Z tests/test_index.py:14: in <module>
2025-02-24T02:06:42.2617604Z     from src.handlers.securityhub_handler import (generate_soc2_csv,
2025-02-24T02:06:42.2618182Z src/handlers/securityhub_handler.py:6: in <module>
2025-02-24T02:06:42.2618673Z     from datetime import datetime, timedelta, UTC
2025-02-24T02:06:42.2619508Z E   ImportError: cannot import name 'UTC' from 'datetime' (/opt/hostedtoolcache/Python/3.10.16/x64/lib/python3.10/datetime.py)
2025-02-24T02:06:42.2620455Z 
2025-02-24T02:06:42.2620720Z ---------- coverage: platform linux, python 3.10.16-final-0 ----------
2025-02-24T02:06:42.2621272Z Coverage XML written to file coverage.xml
2025-02-24T02:06:42.2621552Z 
2025-02-24T02:06:42.2621747Z =========================== short test summary info ============================
2025-02-24T02:06:42.2622198Z ERROR tests/test_index.py
2025-02-24T02:06:42.2622636Z !!!!!!!!!!!!!!!!!!!! Interrupted: 1 error during collection !!!!!!!!!!!!!!!!!!!!
2025-02-24T02:06:42.2623148Z =============================== 1 error in 0.20s ===============================
2025-02-24T02:06:42.2939099Z ##[error]Process completed with exit code 2.
2025-02-24T02:06:42.3049153Z Post job cleanup.
2025-02-24T02:06:42.4014390Z [command]/usr/bin/git version
2025-02-24T02:06:42.4054606Z git version 2.48.1
2025-02-24T02:06:42.4097747Z Temporarily overriding HOME='/home/runner/work/_temp/ad9c917c-2f24-439a-bda3-84c3428f04c2' before making global git config changes
2025-02-24T02:06:42.4099274Z Adding repository directory to the temporary git global config as a safe directory
2025-02-24T02:06:42.4111024Z [command]/usr/bin/git config --global --add safe.directory /home/runner/work/securityhub_soc2analysis/securityhub_soc2analysis
2025-02-24T02:06:42.4146920Z [command]/usr/bin/git config --local --name-only --get-regexp core\.sshCommand
2025-02-24T02:06:42.4180148Z [command]/usr/bin/git submodule foreach --recursive sh -c "git config --local --name-only --get-regexp 'core\.sshCommand' && git config --local --unset-all 'core.sshCommand' || :"
2025-02-24T02:06:42.4420900Z [command]/usr/bin/git config --local --name-only --get-regexp http\.https\:\/\/github\.com\/\.extraheader
2025-02-24T02:06:42.4442384Z http.https://github.com/.extraheader
2025-02-24T02:06:42.4455752Z [command]/usr/bin/git config --local --unset-all http.https://github.com/.extraheader
2025-02-24T02:06:42.4487937Z [command]/usr/bin/git submodule foreach --recursive sh -c "git config --local --name-only --get-regexp 'http\.https\:\/\/github\.com\/\.extraheader' && git config --local --unset-all 'http.https://github.com/.extraheader' || :"
2025-02-24T02:06:42.4830102Z Cleaning up orphan processes
