2025-02-24T02:06:16.9075345Z Current runner version: '2.322.0'
2025-02-24T02:06:16.9101527Z ##[group]Operating System
2025-02-24T02:06:16.9102401Z Ubuntu
2025-02-24T02:06:16.9102937Z 24.04.1
2025-02-24T02:06:16.9103499Z LTS
2025-02-24T02:06:16.9103993Z ##[endgroup]
2025-02-24T02:06:16.9104553Z ##[group]Runner Image
2025-02-24T02:06:16.9105182Z Image: ubuntu-24.04
2025-02-24T02:06:16.9105718Z Version: 20250209.1.0
2025-02-24T02:06:16.9106737Z Included Software: https://github.com/actions/runner-images/blob/ubuntu24/20250209.1/images/ubuntu/Ubuntu2404-Readme.md
2025-02-24T02:06:16.9108115Z Image Release: https://github.com/actions/runner-images/releases/tag/ubuntu24%2F20250209.1
2025-02-24T02:06:16.9109021Z ##[endgroup]
2025-02-24T02:06:16.9109928Z ##[group]Runner Image Provisioner
2025-02-24T02:06:16.9110662Z 2.0.422.1
2025-02-24T02:06:16.9111178Z ##[endgroup]
2025-02-24T02:06:16.9112342Z ##[group]GITHUB_TOKEN Permissions
2025-02-24T02:06:16.9114391Z Contents: read
2025-02-24T02:06:16.9114979Z Metadata: read
2025-02-24T02:06:16.9115774Z Packages: read
2025-02-24T02:06:16.9116438Z ##[endgroup]
2025-02-24T02:06:16.9119839Z Secret source: Actions
2025-02-24T02:06:16.9120883Z Prepare workflow directory
2025-02-24T02:06:16.9429833Z Prepare all required actions
2025-02-24T02:06:16.9466832Z Getting action download info
2025-02-24T02:06:17.1304113Z ##[group]Download immutable action package 'actions/checkout@v4'
2025-02-24T02:06:17.1305146Z Version: 4.2.2
2025-02-24T02:06:17.1306300Z Digest: sha256:ccb2698953eaebd21c7bf6268a94f9c26518a7e38e27e0b83c1fe1ad049819b1
2025-02-24T02:06:17.1307513Z Source commit SHA: 11bd71901bbe5b1630ceea73d27597364c9af683
2025-02-24T02:06:17.1308312Z ##[endgroup]
2025-02-24T02:06:17.2256586Z ##[group]Download immutable action package 'actions/setup-python@v5'
2025-02-24T02:06:17.2257460Z Version: 5.4.0
2025-02-24T02:06:17.2258239Z Digest: sha256:6003df952c8106bcd378d2ba997eef202da924317a57269dfa72449b135adb7f
2025-02-24T02:06:17.2259578Z Source commit SHA: 42375524e23c412d93fb67b49958b491fce71c38
2025-02-24T02:06:17.2260335Z ##[endgroup]
2025-02-24T02:06:17.4597727Z Download action repository 'codecov/codecov-action@v4' (SHA:b9fd7d16f6d7d1b5d2bec1a2887e65ceed900238)
2025-02-24T02:06:17.7141740Z Complete job name: test (3.11)
2025-02-24T02:06:17.7774347Z ##[group]Run actions/checkout@v4
2025-02-24T02:06:17.7775201Z with:
2025-02-24T02:06:17.7775656Z   repository: ajy0127/securityhub_soc2analysis
2025-02-24T02:06:17.7776360Z   token: ***
2025-02-24T02:06:17.7776755Z   ssh-strict: true
2025-02-24T02:06:17.7777151Z   ssh-user: git
2025-02-24T02:06:17.7777562Z   persist-credentials: true
2025-02-24T02:06:17.7778011Z   clean: true
2025-02-24T02:06:17.7778422Z   sparse-checkout-cone-mode: true
2025-02-24T02:06:17.7778914Z   fetch-depth: 1
2025-02-24T02:06:17.7779482Z   fetch-tags: false
2025-02-24T02:06:17.7779900Z   show-progress: true
2025-02-24T02:06:17.7780303Z   lfs: false
2025-02-24T02:06:17.7780683Z   submodules: false
2025-02-24T02:06:17.7781096Z   set-safe-directory: true
2025-02-24T02:06:17.7781815Z ##[endgroup]
2025-02-24T02:06:18.0150004Z Syncing repository: ajy0127/securityhub_soc2analysis
2025-02-24T02:06:18.0151733Z ##[group]Getting Git version info
2025-02-24T02:06:18.0152674Z Working directory is '/home/runner/work/securityhub_soc2analysis/securityhub_soc2analysis'
2025-02-24T02:06:18.0153788Z [command]/usr/bin/git version
2025-02-24T02:06:18.0242632Z git version 2.48.1
2025-02-24T02:06:18.0271059Z ##[endgroup]
2025-02-24T02:06:18.0288302Z Temporarily overriding HOME='/home/runner/work/_temp/0948015a-51a8-473a-913c-020299d0030a' before making global git config changes
2025-02-24T02:06:18.0290869Z Adding repository directory to the temporary git global config as a safe directory
2025-02-24T02:06:18.0304463Z [command]/usr/bin/git config --global --add safe.directory /home/runner/work/securityhub_soc2analysis/securityhub_soc2analysis
2025-02-24T02:06:18.0341764Z Deleting the contents of '/home/runner/work/securityhub_soc2analysis/securityhub_soc2analysis'
2025-02-24T02:06:18.0345530Z ##[group]Initializing the repository
2025-02-24T02:06:18.0351057Z [command]/usr/bin/git init /home/runner/work/securityhub_soc2analysis/securityhub_soc2analysis
2025-02-24T02:06:18.0425299Z hint: Using 'master' as the name for the initial branch. This default branch name
2025-02-24T02:06:18.0427157Z hint: is subject to change. To configure the initial branch name to use in all
2025-02-24T02:06:18.0428832Z hint: of your new repositories, which will suppress this warning, call:
2025-02-24T02:06:18.0430379Z hint:
2025-02-24T02:06:18.0431232Z hint: 	git config --global init.defaultBranch <name>
2025-02-24T02:06:18.0432295Z hint:
2025-02-24T02:06:18.0433377Z hint: Names commonly chosen instead of 'master' are 'main', 'trunk' and
2025-02-24T02:06:18.0435021Z hint: 'development'. The just-created branch can be renamed via this command:
2025-02-24T02:06:18.0436255Z hint:
2025-02-24T02:06:18.0436957Z hint: 	git branch -m <name>
2025-02-24T02:06:18.0438586Z Initialized empty Git repository in /home/runner/work/securityhub_soc2analysis/securityhub_soc2analysis/.git/
2025-02-24T02:06:18.0447272Z [command]/usr/bin/git remote add origin https://github.com/ajy0127/securityhub_soc2analysis
2025-02-24T02:06:18.0481618Z ##[endgroup]
2025-02-24T02:06:18.0482364Z ##[group]Disabling automatic garbage collection
2025-02-24T02:06:18.0485410Z [command]/usr/bin/git config --local gc.auto 0
2025-02-24T02:06:18.0515653Z ##[endgroup]
2025-02-24T02:06:18.0516894Z ##[group]Setting up auth
2025-02-24T02:06:18.0523377Z [command]/usr/bin/git config --local --name-only --get-regexp core\.sshCommand
2025-02-24T02:06:18.0554489Z [command]/usr/bin/git submodule foreach --recursive sh -c "git config --local --name-only --get-regexp 'core\.sshCommand' && git config --local --unset-all 'core.sshCommand' || :"
2025-02-24T02:06:18.0893681Z [command]/usr/bin/git config --local --name-only --get-regexp http\.https\:\/\/github\.com\/\.extraheader
2025-02-24T02:06:18.0921975Z [command]/usr/bin/git submodule foreach --recursive sh -c "git config --local --name-only --get-regexp 'http\.https\:\/\/github\.com\/\.extraheader' && git config --local --unset-all 'http.https://github.com/.extraheader' || :"
2025-02-24T02:06:18.1148535Z [command]/usr/bin/git config --local http.https://github.com/.extraheader AUTHORIZATION: basic ***
2025-02-24T02:06:18.1183703Z ##[endgroup]
2025-02-24T02:06:18.1184503Z ##[group]Fetching the repository
2025-02-24T02:06:18.1192333Z [command]/usr/bin/git -c protocol.version=2 fetch --no-tags --prune --no-recurse-submodules --depth=1 origin +f785de282e6e4c896b36b9d8c7bb2ff1d5118872:refs/remotes/origin/main
2025-02-24T02:06:18.3766830Z From https://github.com/ajy0127/securityhub_soc2analysis
2025-02-24T02:06:18.3768808Z  * [new ref]         f785de282e6e4c896b36b9d8c7bb2ff1d5118872 -> origin/main
2025-02-24T02:06:18.3795519Z ##[endgroup]
2025-02-24T02:06:18.3798376Z ##[group]Determining the checkout info
2025-02-24T02:06:18.3800155Z ##[endgroup]
2025-02-24T02:06:18.3804532Z [command]/usr/bin/git sparse-checkout disable
2025-02-24T02:06:18.3845164Z [command]/usr/bin/git config --local --unset-all extensions.worktreeConfig
2025-02-24T02:06:18.3876716Z ##[group]Checking out the ref
2025-02-24T02:06:18.3881751Z [command]/usr/bin/git checkout --progress --force -B main refs/remotes/origin/main
2025-02-24T02:06:18.3980674Z Switched to a new branch 'main'
2025-02-24T02:06:18.3984380Z branch 'main' set up to track 'origin/main'.
2025-02-24T02:06:18.3990727Z ##[endgroup]
2025-02-24T02:06:18.4025161Z [command]/usr/bin/git log -1 --format=%H
2025-02-24T02:06:18.4047090Z f785de282e6e4c896b36b9d8c7bb2ff1d5118872
2025-02-24T02:06:18.4399310Z ##[group]Run actions/setup-python@v5
2025-02-24T02:06:18.4400268Z with:
2025-02-24T02:06:18.4400812Z   python-version: 3.11
2025-02-24T02:06:18.4401455Z   cache: pip
2025-02-24T02:06:18.4402023Z   check-latest: false
2025-02-24T02:06:18.4402929Z   token: ***
2025-02-24T02:06:18.4403521Z   update-environment: true
2025-02-24T02:06:18.4404289Z   allow-prereleases: false
2025-02-24T02:06:18.4404991Z ##[endgroup]
2025-02-24T02:06:18.6131813Z ##[group]Installed versions
2025-02-24T02:06:18.6195053Z Successfully set up CPython (3.11.11)
2025-02-24T02:06:18.6196667Z ##[endgroup]
2025-02-24T02:06:18.6749962Z [command]/opt/hostedtoolcache/Python/3.11.11/x64/bin/pip cache dir
2025-02-24T02:06:19.8133944Z /home/runner/.cache/pip
2025-02-24T02:06:19.9237195Z ##[warning]Cache not found for keys: setup-python-Linux-x64-24.04-Ubuntu-python-3.11.11-pip-91d90556e6b943c05d069084bc8cbcbd49e4bfe3709354780feecc28d856cb9e, setup-python-Linux-x64-24.04-Ubuntu-python-3.11.11-pip
2025-02-24T02:06:19.9244631Z pip cache is not found
2025-02-24T02:06:19.9347743Z ##[group]Run python -m pip install --upgrade pip setuptools wheel
2025-02-24T02:06:19.9348334Z [36;1mpython -m pip install --upgrade pip setuptools wheel[0m
2025-02-24T02:06:19.9348729Z [36;1mpip install -r requirements.txt[0m
2025-02-24T02:06:19.9564445Z shell: /usr/bin/bash -e {0}
2025-02-24T02:06:19.9564770Z env:
2025-02-24T02:06:19.9565083Z   pythonLocation: /opt/hostedtoolcache/Python/3.11.11/x64
2025-02-24T02:06:19.9565614Z   PKG_CONFIG_PATH: /opt/hostedtoolcache/Python/3.11.11/x64/lib/pkgconfig
2025-02-24T02:06:19.9566131Z   Python_ROOT_DIR: /opt/hostedtoolcache/Python/3.11.11/x64
2025-02-24T02:06:19.9566575Z   Python2_ROOT_DIR: /opt/hostedtoolcache/Python/3.11.11/x64
2025-02-24T02:06:19.9567015Z   Python3_ROOT_DIR: /opt/hostedtoolcache/Python/3.11.11/x64
2025-02-24T02:06:19.9567451Z   LD_LIBRARY_PATH: /opt/hostedtoolcache/Python/3.11.11/x64/lib
2025-02-24T02:06:19.9567833Z ##[endgroup]
2025-02-24T02:06:20.7823438Z Requirement already satisfied: pip in /opt/hostedtoolcache/Python/3.11.11/x64/lib/python3.11/site-packages (25.0.1)
2025-02-24T02:06:20.8675691Z Requirement already satisfied: setuptools in /opt/hostedtoolcache/Python/3.11.11/x64/lib/python3.11/site-packages (65.5.0)
2025-02-24T02:06:20.9771265Z Collecting setuptools
2025-02-24T02:06:21.0329961Z   Downloading setuptools-75.8.0-py3-none-any.whl.metadata (6.7 kB)
2025-02-24T02:06:21.0646942Z Collecting wheel
2025-02-24T02:06:21.0731852Z   Downloading wheel-0.45.1-py3-none-any.whl.metadata (2.3 kB)
2025-02-24T02:06:21.0873732Z Downloading setuptools-75.8.0-py3-none-any.whl (1.2 MB)
2025-02-24T02:06:21.1441782Z    ━━━━━━━━━━━━━━━━━━━━━━━━━━━━━━━━━━━━━━━━ 1.2/1.2 MB 27.3 MB/s eta 0:00:00
2025-02-24T02:06:21.1530329Z Downloading wheel-0.45.1-py3-none-any.whl (72 kB)
2025-02-24T02:06:21.1793658Z Installing collected packages: wheel, setuptools
2025-02-24T02:06:21.2220636Z   Attempting uninstall: setuptools
2025-02-24T02:06:21.2238411Z     Found existing installation: setuptools 65.5.0
2025-02-24T02:06:21.2455466Z     Uninstalling setuptools-65.5.0:
2025-02-24T02:06:21.2576898Z       Successfully uninstalled setuptools-65.5.0
2025-02-24T02:06:21.9415870Z Successfully installed setuptools-75.8.0 wheel-0.45.1
2025-02-24T02:06:22.7587630Z Collecting boto3==1.34.69 (from -r requirements.txt (line 1))
2025-02-24T02:06:22.8063230Z   Downloading boto3-1.34.69-py3-none-any.whl.metadata (6.6 kB)
2025-02-24T02:06:22.8277572Z Collecting python-dateutil==2.8.2 (from -r requirements.txt (line 2))
2025-02-24T02:06:22.8362417Z   Downloading python_dateutil-2.8.2-py2.py3-none-any.whl.metadata (8.2 kB)
2025-02-24T02:06:22.8752902Z Collecting requests==2.31.0 (from -r requirements.txt (line 3))
2025-02-24T02:06:22.8830316Z   Downloading requests-2.31.0-py3-none-any.whl.metadata (4.6 kB)
2025-02-24T02:06:22.9190121Z Collecting pytest==8.1.1 (from -r requirements.txt (line 4))
2025-02-24T02:06:22.9295990Z   Downloading pytest-8.1.1-py3-none-any.whl.metadata (7.6 kB)
2025-02-24T02:06:22.9516969Z Collecting pytest-cov==4.1.0 (from -r requirements.txt (line 5))
2025-02-24T02:06:22.9591220Z   Downloading pytest_cov-4.1.0-py3-none-any.whl.metadata (26 kB)
2025-02-24T02:06:22.9947858Z Collecting flake8==7.0.0 (from -r requirements.txt (line 6))
2025-02-24T02:06:23.0048303Z   Downloading flake8-7.0.0-py2.py3-none-any.whl.metadata (3.8 kB)
2025-02-24T02:06:23.0549474Z Collecting black==24.3.0 (from -r requirements.txt (line 7))
2025-02-24T02:06:23.0623802Z   Downloading black-24.3.0-cp311-cp311-manylinux_2_17_x86_64.manylinux2014_x86_64.whl.metadata (75 kB)
2025-02-24T02:06:23.1344397Z Collecting cfn-lint==0.85.1 (from -r requirements.txt (line 8))
2025-02-24T02:06:23.1438986Z   Downloading cfn_lint-0.85.1-py3-none-any.whl.metadata (16 kB)
2025-02-24T02:06:23.2771286Z Collecting moto==5.0.3 (from -r requirements.txt (line 9))
2025-02-24T02:06:23.2883382Z   Downloading moto-5.0.3-py2.py3-none-any.whl.metadata (11 kB)
2025-02-24T02:06:23.4040608Z Collecting mypy==1.9.0 (from -r requirements.txt (line 10))
2025-02-24T02:06:23.4402443Z   Downloading mypy-1.9.0-cp311-cp311-manylinux_2_17_x86_64.manylinux2014_x86_64.whl.metadata (1.9 kB)
2025-02-24T02:06:23.4598974Z Collecting bandit==1.7.8 (from -r requirements.txt (line 11))
2025-02-24T02:06:23.4695455Z   Downloading bandit-1.7.8-py3-none-any.whl.metadata (6.0 kB)
2025-02-24T02:06:23.5064445Z Collecting pre-commit==3.6.2 (from -r requirements.txt (line 12))
2025-02-24T02:06:23.5153533Z   Downloading pre_commit-3.6.2-py2.py3-none-any.whl.metadata (1.3 kB)
2025-02-24T02:06:23.7912505Z Collecting botocore<1.35.0,>=1.34.69 (from boto3==1.34.69->-r requirements.txt (line 1))
2025-02-24T02:06:23.8006826Z   Downloading botocore-1.34.162-py3-none-any.whl.metadata (5.7 kB)
2025-02-24T02:06:23.8276304Z Collecting jmespath<2.0.0,>=0.7.1 (from boto3==1.34.69->-r requirements.txt (line 1))
2025-02-24T02:06:23.8359676Z   Downloading jmespath-1.0.1-py3-none-any.whl.metadata (7.6 kB)
2025-02-24T02:06:23.8563461Z Collecting s3transfer<0.11.0,>=0.10.0 (from boto3==1.34.69->-r requirements.txt (line 1))
2025-02-24T02:06:23.8640002Z   Downloading s3transfer-0.10.4-py3-none-any.whl.metadata (1.7 kB)
2025-02-24T02:06:23.8847204Z Collecting six>=1.5 (from python-dateutil==2.8.2->-r requirements.txt (line 2))
2025-02-24T02:06:23.8920404Z   Downloading six-1.17.0-py2.py3-none-any.whl.metadata (1.7 kB)
2025-02-24T02:06:23.9522268Z Collecting charset-normalizer<4,>=2 (from requests==2.31.0->-r requirements.txt (line 3))
2025-02-24T02:06:23.9607849Z   Downloading charset_normalizer-3.4.1-cp311-cp311-manylinux_2_17_x86_64.manylinux2014_x86_64.whl.metadata (35 kB)
2025-02-24T02:06:23.9883998Z Collecting idna<4,>=2.5 (from requests==2.31.0->-r requirements.txt (line 3))
2025-02-24T02:06:23.9977363Z   Downloading idna-3.10-py3-none-any.whl.metadata (10 kB)
2025-02-24T02:06:24.0274121Z Collecting urllib3<3,>=1.21.1 (from requests==2.31.0->-r requirements.txt (line 3))
2025-02-24T02:06:24.0352450Z   Downloading urllib3-2.3.0-py3-none-any.whl.metadata (6.5 kB)
2025-02-24T02:06:24.0589286Z Collecting certifi>=2017.4.17 (from requests==2.31.0->-r requirements.txt (line 3))
2025-02-24T02:06:24.0670429Z   Downloading certifi-2025.1.31-py3-none-any.whl.metadata (2.5 kB)
2025-02-24T02:06:24.0829263Z Collecting iniconfig (from pytest==8.1.1->-r requirements.txt (line 4))
2025-02-24T02:06:24.0907187Z   Downloading iniconfig-2.0.0-py3-none-any.whl.metadata (2.6 kB)
2025-02-24T02:06:24.1137445Z Collecting packaging (from pytest==8.1.1->-r requirements.txt (line 4))
2025-02-24T02:06:24.1261964Z   Downloading packaging-24.2-py3-none-any.whl.metadata (3.2 kB)
2025-02-24T02:06:24.1441597Z Collecting pluggy<2.0,>=1.4 (from pytest==8.1.1->-r requirements.txt (line 4))
2025-02-24T02:06:24.1516872Z   Downloading pluggy-1.5.0-py3-none-any.whl.metadata (4.8 kB)
2025-02-24T02:06:24.3482392Z Collecting coverage>=5.2.1 (from coverage[toml]>=5.2.1->pytest-cov==4.1.0->-r requirements.txt (line 5))
2025-02-24T02:06:24.3569383Z   Downloading coverage-7.6.12-cp311-cp311-manylinux_2_5_x86_64.manylinux1_x86_64.manylinux_2_17_x86_64.manylinux2014_x86_64.whl.metadata (8.5 kB)
2025-02-24T02:06:24.3861441Z Collecting mccabe<0.8.0,>=0.7.0 (from flake8==7.0.0->-r requirements.txt (line 6))
2025-02-24T02:06:24.3962821Z   Downloading mccabe-0.7.0-py2.py3-none-any.whl.metadata (5.0 kB)
2025-02-24T02:06:24.4156619Z Collecting pycodestyle<2.12.0,>=2.11.0 (from flake8==7.0.0->-r requirements.txt (line 6))
2025-02-24T02:06:24.4277370Z   Downloading pycodestyle-2.11.1-py2.py3-none-any.whl.metadata (4.5 kB)
2025-02-24T02:06:24.4490591Z Collecting pyflakes<3.3.0,>=3.2.0 (from flake8==7.0.0->-r requirements.txt (line 6))
2025-02-24T02:06:24.4579560Z   Downloading pyflakes-3.2.0-py2.py3-none-any.whl.metadata (3.5 kB)
2025-02-24T02:06:24.4801981Z Collecting click>=8.0.0 (from black==24.3.0->-r requirements.txt (line 7))
2025-02-24T02:06:24.4876163Z   Downloading click-8.1.8-py3-none-any.whl.metadata (2.3 kB)
2025-02-24T02:06:24.5025083Z Collecting mypy-extensions>=0.4.3 (from black==24.3.0->-r requirements.txt (line 7))
2025-02-24T02:06:24.5098704Z   Downloading mypy_extensions-1.0.0-py3-none-any.whl.metadata (1.1 kB)
2025-02-24T02:06:24.5285372Z Collecting pathspec>=0.9.0 (from black==24.3.0->-r requirements.txt (line 7))
2025-02-24T02:06:24.5356251Z   Downloading pathspec-0.12.1-py3-none-any.whl.metadata (21 kB)
2025-02-24T02:06:24.5586151Z Collecting platformdirs>=2 (from black==24.3.0->-r requirements.txt (line 7))
2025-02-24T02:06:24.5659632Z   Downloading platformdirs-4.3.6-py3-none-any.whl.metadata (11 kB)
2025-02-24T02:06:24.5986222Z Collecting pyyaml>5.4 (from cfn-lint==0.85.1->-r requirements.txt (line 8))
2025-02-24T02:06:24.6061613Z   Downloading PyYAML-6.0.2-cp311-cp311-manylinux_2_17_x86_64.manylinux2014_x86_64.whl.metadata (2.1 kB)
2025-02-24T02:06:24.6325577Z Collecting aws-sam-translator>=1.84.0 (from cfn-lint==0.85.1->-r requirements.txt (line 8))
2025-02-24T02:06:24.6407533Z   Downloading aws_sam_translator-1.95.0-py3-none-any.whl.metadata (8.3 kB)
2025-02-24T02:06:24.6630663Z Collecting jsonpatch (from cfn-lint==0.85.1->-r requirements.txt (line 8))
2025-02-24T02:06:24.6719820Z   Downloading jsonpatch-1.33-py2.py3-none-any.whl.metadata (3.0 kB)
2025-02-24T02:06:24.7007565Z Collecting jsonschema<5,>=3.0 (from cfn-lint==0.85.1->-r requirements.txt (line 8))
2025-02-24T02:06:24.7081343Z   Downloading jsonschema-4.23.0-py3-none-any.whl.metadata (7.9 kB)
2025-02-24T02:06:24.7351169Z Collecting networkx<4,>=2.4 (from cfn-lint==0.85.1->-r requirements.txt (line 8))
2025-02-24T02:06:24.7425784Z   Downloading networkx-3.4.2-py3-none-any.whl.metadata (6.3 kB)
2025-02-24T02:06:24.7619542Z Collecting junit-xml~=1.9 (from cfn-lint==0.85.1->-r requirements.txt (line 8))
2025-02-24T02:06:24.7727560Z   Downloading junit_xml-1.9-py2.py3-none-any.whl.metadata (3.2 kB)
2025-02-24T02:06:24.7866553Z Collecting jschema-to-python~=1.2.3 (from cfn-lint==0.85.1->-r requirements.txt (line 8))
2025-02-24T02:06:24.8006035Z   Downloading jschema_to_python-1.2.3-py3-none-any.whl.metadata (3.1 kB)
2025-02-24T02:06:24.8146317Z Collecting sarif-om~=1.0.4 (from cfn-lint==0.85.1->-r requirements.txt (line 8))
2025-02-24T02:06:24.8398363Z   Downloading sarif_om-1.0.4-py3-none-any.whl.metadata (3.2 kB)
2025-02-24T02:06:24.8865218Z Collecting sympy>=1.0.0 (from cfn-lint==0.85.1->-r requirements.txt (line 8))
2025-02-24T02:06:24.8957268Z   Downloading sympy-1.13.3-py3-none-any.whl.metadata (12 kB)
2025-02-24T02:06:25.1058105Z Collecting regex>=2021.7.1 (from cfn-lint==0.85.1->-r requirements.txt (line 8))
2025-02-24T02:06:25.1137055Z   Downloading regex-2024.11.6-cp311-cp311-manylinux_2_17_x86_64.manylinux2014_x86_64.whl.metadata (40 kB)
2025-02-24T02:06:25.4292444Z Collecting cryptography>=3.3.1 (from moto==5.0.3->-r requirements.txt (line 9))
2025-02-24T02:06:25.4375215Z   Downloading cryptography-44.0.1-cp39-abi3-manylinux_2_34_x86_64.whl.metadata (5.7 kB)
2025-02-24T02:06:25.4663783Z Collecting xmltodict (from moto==5.0.3->-r requirements.txt (line 9))
2025-02-24T02:06:25.4746113Z   Downloading xmltodict-0.14.2-py2.py3-none-any.whl.metadata (8.0 kB)
2025-02-24T02:06:25.5057807Z Collecting werkzeug!=2.2.0,!=2.2.1,>=0.5 (from moto==5.0.3->-r requirements.txt (line 9))
2025-02-24T02:06:25.5133732Z   Downloading werkzeug-3.1.3-py3-none-any.whl.metadata (3.7 kB)
2025-02-24T02:06:25.5361738Z Collecting responses>=0.15.0 (from moto==5.0.3->-r requirements.txt (line 9))
2025-02-24T02:06:25.5442444Z   Downloading responses-0.25.6-py3-none-any.whl.metadata (47 kB)
2025-02-24T02:06:25.5699921Z Collecting Jinja2>=2.10.1 (from moto==5.0.3->-r requirements.txt (line 9))
2025-02-24T02:06:25.5776694Z   Downloading jinja2-3.1.5-py3-none-any.whl.metadata (2.6 kB)
2025-02-24T02:06:25.5978415Z Collecting typing-extensions>=4.1.0 (from mypy==1.9.0->-r requirements.txt (line 10))
2025-02-24T02:06:25.6051517Z   Downloading typing_extensions-4.12.2-py3-none-any.whl.metadata (3.0 kB)
2025-02-24T02:06:25.6326573Z Collecting stevedore>=1.20.0 (from bandit==1.7.8->-r requirements.txt (line 11))
2025-02-24T02:06:25.6402373Z   Downloading stevedore-5.4.1-py3-none-any.whl.metadata (2.3 kB)
2025-02-24T02:06:25.6779566Z Collecting rich (from bandit==1.7.8->-r requirements.txt (line 11))
2025-02-24T02:06:25.6866147Z   Downloading rich-13.9.4-py3-none-any.whl.metadata (18 kB)
2025-02-24T02:06:25.7059706Z Collecting cfgv>=2.0.0 (from pre-commit==3.6.2->-r requirements.txt (line 12))
2025-02-24T02:06:25.7133940Z   Downloading cfgv-3.4.0-py2.py3-none-any.whl.metadata (8.5 kB)
2025-02-24T02:06:25.7526645Z Collecting identify>=1.0.0 (from pre-commit==3.6.2->-r requirements.txt (line 12))
2025-02-24T02:06:25.7612223Z   Downloading identify-2.6.8-py2.py3-none-any.whl.metadata (4.4 kB)
2025-02-24T02:06:25.7808348Z Collecting nodeenv>=0.11.1 (from pre-commit==3.6.2->-r requirements.txt (line 12))
2025-02-24T02:06:25.7881326Z   Downloading nodeenv-1.9.1-py2.py3-none-any.whl.metadata (21 kB)
2025-02-24T02:06:25.8306201Z Collecting virtualenv>=20.10.0 (from pre-commit==3.6.2->-r requirements.txt (line 12))
2025-02-24T02:06:25.8381891Z   Downloading virtualenv-20.29.2-py3-none-any.whl.metadata (4.5 kB)
2025-02-24T02:06:26.0203266Z Collecting pydantic!=1.10.15,!=1.10.17,<3,>=1.8 (from aws-sam-translator>=1.84.0->cfn-lint==0.85.1->-r requirements.txt (line 8))
2025-02-24T02:06:26.0278141Z   Downloading pydantic-2.10.6-py3-none-any.whl.metadata (30 kB)
2025-02-24T02:06:26.1242137Z Collecting cffi>=1.12 (from cryptography>=3.3.1->moto==5.0.3->-r requirements.txt (line 9))
2025-02-24T02:06:26.1318601Z   Downloading cffi-1.17.1-cp311-cp311-manylinux_2_17_x86_64.manylinux2014_x86_64.whl.metadata (1.5 kB)
2025-02-24T02:06:26.1753174Z Collecting MarkupSafe>=2.0 (from Jinja2>=2.10.1->moto==5.0.3->-r requirements.txt (line 9))
2025-02-24T02:06:26.1834580Z   Downloading MarkupSafe-3.0.2-cp311-cp311-manylinux_2_17_x86_64.manylinux2014_x86_64.whl.metadata (4.0 kB)
2025-02-24T02:06:26.2027529Z Collecting attrs (from jschema-to-python~=1.2.3->cfn-lint==0.85.1->-r requirements.txt (line 8))
2025-02-24T02:06:26.2102722Z   Downloading attrs-25.1.0-py3-none-any.whl.metadata (10 kB)
2025-02-24T02:06:26.2360523Z Collecting jsonpickle (from jschema-to-python~=1.2.3->cfn-lint==0.85.1->-r requirements.txt (line 8))
2025-02-24T02:06:26.2437797Z   Downloading jsonpickle-4.0.2-py3-none-any.whl.metadata (8.2 kB)
2025-02-24T02:06:26.2699413Z Collecting pbr (from jschema-to-python~=1.2.3->cfn-lint==0.85.1->-r requirements.txt (line 8))
2025-02-24T02:06:26.2773174Z   Downloading pbr-6.1.1-py2.py3-none-any.whl.metadata (3.4 kB)
2025-02-24T02:06:26.2977584Z Collecting jsonschema-specifications>=2023.03.6 (from jsonschema<5,>=3.0->cfn-lint==0.85.1->-r requirements.txt (line 8))
2025-02-24T02:06:26.3051139Z   Downloading jsonschema_specifications-2024.10.1-py3-none-any.whl.metadata (3.0 kB)
2025-02-24T02:06:26.3313875Z Collecting referencing>=0.28.4 (from jsonschema<5,>=3.0->cfn-lint==0.85.1->-r requirements.txt (line 8))
2025-02-24T02:06:26.3393411Z   Downloading referencing-0.36.2-py3-none-any.whl.metadata (2.8 kB)
2025-02-24T02:06:26.5364230Z Collecting rpds-py>=0.7.1 (from jsonschema<5,>=3.0->cfn-lint==0.85.1->-r requirements.txt (line 8))
2025-02-24T02:06:26.5442998Z   Downloading rpds_py-0.23.1-cp311-cp311-manylinux_2_17_x86_64.manylinux2014_x86_64.whl.metadata (4.1 kB)
2025-02-24T02:06:26.8043306Z Collecting mpmath<1.4,>=1.1.0 (from sympy>=1.0.0->cfn-lint==0.85.1->-r requirements.txt (line 8))
2025-02-24T02:06:26.8116601Z   Downloading mpmath-1.3.0-py3-none-any.whl.metadata (8.6 kB)
2025-02-24T02:06:26.8345120Z Collecting distlib<1,>=0.3.7 (from virtualenv>=20.10.0->pre-commit==3.6.2->-r requirements.txt (line 12))
2025-02-24T02:06:26.8423850Z   Downloading distlib-0.3.9-py2.py3-none-any.whl.metadata (5.2 kB)
2025-02-24T02:06:26.8642874Z Collecting filelock<4,>=3.12.2 (from virtualenv>=20.10.0->pre-commit==3.6.2->-r requirements.txt (line 12))
2025-02-24T02:06:26.8717768Z   Downloading filelock-3.17.0-py3-none-any.whl.metadata (2.9 kB)
2025-02-24T02:06:26.9027967Z Collecting jsonpointer>=1.9 (from jsonpatch->cfn-lint==0.85.1->-r requirements.txt (line 8))
2025-02-24T02:06:26.9100656Z   Downloading jsonpointer-3.0.0-py2.py3-none-any.whl.metadata (2.3 kB)
2025-02-24T02:06:26.9351925Z Collecting markdown-it-py>=2.2.0 (from rich->bandit==1.7.8->-r requirements.txt (line 11))
2025-02-24T02:06:26.9423833Z   Downloading markdown_it_py-3.0.0-py3-none-any.whl.metadata (6.9 kB)
2025-02-24T02:06:26.9683186Z Collecting pygments<3.0.0,>=2.13.0 (from rich->bandit==1.7.8->-r requirements.txt (line 11))
2025-02-24T02:06:26.9756360Z   Downloading pygments-2.19.1-py3-none-any.whl.metadata (2.5 kB)
2025-02-24T02:06:26.9970658Z Collecting pycparser (from cffi>=1.12->cryptography>=3.3.1->moto==5.0.3->-r requirements.txt (line 9))
2025-02-24T02:06:27.0052845Z   Downloading pycparser-2.22-py3-none-any.whl.metadata (943 bytes)
2025-02-24T02:06:27.0357363Z Collecting mdurl~=0.1 (from markdown-it-py>=2.2.0->rich->bandit==1.7.8->-r requirements.txt (line 11))
2025-02-24T02:06:27.0428164Z   Downloading mdurl-0.1.2-py3-none-any.whl.metadata (1.6 kB)
2025-02-24T02:06:27.0505803Z Requirement already satisfied: setuptools in /opt/hostedtoolcache/Python/3.11.11/x64/lib/python3.11/site-packages (from pbr->jschema-to-python~=1.2.3->cfn-lint==0.85.1->-r requirements.txt (line 8)) (75.8.0)
2025-02-24T02:06:27.0641790Z Collecting annotated-types>=0.6.0 (from pydantic!=1.10.15,!=1.10.17,<3,>=1.8->aws-sam-translator>=1.84.0->cfn-lint==0.85.1->-r requirements.txt (line 8))
2025-02-24T02:06:27.0713965Z   Downloading annotated_types-0.7.0-py3-none-any.whl.metadata (15 kB)
2025-02-24T02:06:27.4942094Z Collecting pydantic-core==2.27.2 (from pydantic!=1.10.15,!=1.10.17,<3,>=1.8->aws-sam-translator>=1.84.0->cfn-lint==0.85.1->-r requirements.txt (line 8))
2025-02-24T02:06:27.5020462Z   Downloading pydantic_core-2.27.2-cp311-cp311-manylinux_2_17_x86_64.manylinux2014_x86_64.whl.metadata (6.6 kB)
2025-02-24T02:06:27.5533743Z Downloading boto3-1.34.69-py3-none-any.whl (139 kB)
2025-02-24T02:06:27.5644814Z Downloading python_dateutil-2.8.2-py2.py3-none-any.whl (247 kB)
2025-02-24T02:06:27.5778356Z Downloading requests-2.31.0-py3-none-any.whl (62 kB)
2025-02-24T02:06:27.5960436Z Downloading pytest-8.1.1-py3-none-any.whl (337 kB)
2025-02-24T02:06:27.6069821Z Downloading pytest_cov-4.1.0-py3-none-any.whl (21 kB)
2025-02-24T02:06:27.6224837Z Downloading flake8-7.0.0-py2.py3-none-any.whl (57 kB)
2025-02-24T02:06:27.6355220Z Downloading black-24.3.0-cp311-cp311-manylinux_2_17_x86_64.manylinux2014_x86_64.whl (1.7 MB)
2025-02-24T02:06:27.6594158Z    ━━━━━━━━━━━━━━━━━━━━━━━━━━━━━━━━━━━━━━━━ 1.7/1.7 MB 70.0 MB/s eta 0:00:00
2025-02-24T02:06:27.6710196Z Downloading cfn_lint-0.85.1-py3-none-any.whl (3.7 MB)
2025-02-24T02:06:27.7111428Z    ━━━━━━━━━━━━━━━━━━━━━━━━━━━━━━━━━━━━━━━━ 3.7/3.7 MB 92.2 MB/s eta 0:00:00
2025-02-24T02:06:27.7408562Z Downloading moto-5.0.3-py2.py3-none-any.whl (3.3 MB)
2025-02-24T02:06:27.7700874Z    ━━━━━━━━━━━━━━━━━━━━━━━━━━━━━━━━━━━━━━━━ 3.3/3.3 MB 117.7 MB/s eta 0:00:00
2025-02-24T02:06:27.7818933Z Downloading mypy-1.9.0-cp311-cp311-manylinux_2_17_x86_64.manylinux2014_x86_64.whl (12.4 MB)
2025-02-24T02:06:27.9863292Z    ━━━━━━━━━━━━━━━━━━━━━━━━━━━━━━━━━━━━━━━━ 12.4/12.4 MB 60.2 MB/s eta 0:00:00
2025-02-24T02:06:27.9956114Z Downloading bandit-1.7.8-py3-none-any.whl (127 kB)
2025-02-24T02:06:28.0089879Z Downloading pre_commit-3.6.2-py2.py3-none-any.whl (204 kB)
2025-02-24T02:06:28.0233744Z Downloading aws_sam_translator-1.95.0-py3-none-any.whl (385 kB)
2025-02-24T02:06:28.0346909Z Downloading botocore-1.34.162-py3-none-any.whl (12.5 MB)
2025-02-24T02:06:28.0983676Z    ━━━━━━━━━━━━━━━━━━━━━━━━━━━━━━━━━━━━━━━━ 12.5/12.5 MB 200.3 MB/s eta 0:00:00
2025-02-24T02:06:28.1060683Z Downloading certifi-2025.1.31-py3-none-any.whl (166 kB)
2025-02-24T02:06:28.1168033Z Downloading cfgv-3.4.0-py2.py3-none-any.whl (7.2 kB)
2025-02-24T02:06:28.1260667Z Downloading charset_normalizer-3.4.1-cp311-cp311-manylinux_2_17_x86_64.manylinux2014_x86_64.whl (143 kB)
2025-02-24T02:06:28.1367231Z Downloading click-8.1.8-py3-none-any.whl (98 kB)
2025-02-24T02:06:28.1468929Z Downloading coverage-7.6.12-cp311-cp311-manylinux_2_5_x86_64.manylinux1_x86_64.manylinux_2_17_x86_64.manylinux2014_x86_64.whl (241 kB)
2025-02-24T02:06:28.1571480Z Downloading cryptography-44.0.1-cp39-abi3-manylinux_2_34_x86_64.whl (4.2 MB)
2025-02-24T02:06:28.1814990Z    ━━━━━━━━━━━━━━━━━━━━━━━━━━━━━━━━━━━━━━━━ 4.2/4.2 MB 180.3 MB/s eta 0:00:00
2025-02-24T02:06:28.1887722Z Downloading identify-2.6.8-py2.py3-none-any.whl (99 kB)
2025-02-24T02:06:28.1986119Z Downloading idna-3.10-py3-none-any.whl (70 kB)
2025-02-24T02:06:28.2086253Z Downloading jinja2-3.1.5-py3-none-any.whl (134 kB)
2025-02-24T02:06:28.2190690Z Downloading jmespath-1.0.1-py3-none-any.whl (20 kB)
2025-02-24T02:06:28.2302380Z Downloading jschema_to_python-1.2.3-py3-none-any.whl (10 kB)
2025-02-24T02:06:28.2399526Z Downloading jsonschema-4.23.0-py3-none-any.whl (88 kB)
2025-02-24T02:06:28.2502118Z Downloading junit_xml-1.9-py2.py3-none-any.whl (7.1 kB)
2025-02-24T02:06:28.2597832Z Downloading mccabe-0.7.0-py2.py3-none-any.whl (7.3 kB)
2025-02-24T02:06:28.2691760Z Downloading mypy_extensions-1.0.0-py3-none-any.whl (4.7 kB)
2025-02-24T02:06:28.2784668Z Downloading networkx-3.4.2-py3-none-any.whl (1.7 MB)
2025-02-24T02:06:28.2912269Z    ━━━━━━━━━━━━━━━━━━━━━━━━━━━━━━━━━━━━━━━━ 1.7/1.7 MB 143.0 MB/s eta 0:00:00
2025-02-24T02:06:28.2986956Z Downloading nodeenv-1.9.1-py2.py3-none-any.whl (22 kB)
2025-02-24T02:06:28.3080718Z Downloading packaging-24.2-py3-none-any.whl (65 kB)
2025-02-24T02:06:28.3175192Z Downloading pathspec-0.12.1-py3-none-any.whl (31 kB)
2025-02-24T02:06:28.3267896Z Downloading platformdirs-4.3.6-py3-none-any.whl (18 kB)
2025-02-24T02:06:28.3363126Z Downloading pluggy-1.5.0-py3-none-any.whl (20 kB)
2025-02-24T02:06:28.3461643Z Downloading pycodestyle-2.11.1-py2.py3-none-any.whl (31 kB)
2025-02-24T02:06:28.3571424Z Downloading pyflakes-3.2.0-py2.py3-none-any.whl (62 kB)
2025-02-24T02:06:28.3664842Z Downloading PyYAML-6.0.2-cp311-cp311-manylinux_2_17_x86_64.manylinux2014_x86_64.whl (762 kB)
2025-02-24T02:06:28.3737255Z    ━━━━━━━━━━━━━━━━━━━━━━━━━━━━━━━━━━━━━━━ 763.0/763.0 kB 106.6 MB/s eta 0:00:00
2025-02-24T02:06:28.3812444Z Downloading regex-2024.11.6-cp311-cp311-manylinux_2_17_x86_64.manylinux2014_x86_64.whl (792 kB)
2025-02-24T02:06:28.3889618Z    ━━━━━━━━━━━━━━━━━━━━━━━━━━━━━━━━━━━━━━━ 792.7/792.7 kB 102.0 MB/s eta 0:00:00
2025-02-24T02:06:28.3962149Z Downloading responses-0.25.6-py3-none-any.whl (34 kB)
2025-02-24T02:06:28.4053867Z Downloading s3transfer-0.10.4-py3-none-any.whl (83 kB)
2025-02-24T02:06:28.4183354Z Downloading sarif_om-1.0.4-py3-none-any.whl (30 kB)
2025-02-24T02:06:28.4282265Z Downloading six-1.17.0-py2.py3-none-any.whl (11 kB)
2025-02-24T02:06:28.4377469Z Downloading stevedore-5.4.1-py3-none-any.whl (49 kB)
2025-02-24T02:06:28.4475560Z Downloading sympy-1.13.3-py3-none-any.whl (6.2 MB)
2025-02-24T02:06:28.5324397Z    ━━━━━━━━━━━━━━━━━━━━━━━━━━━━━━━━━━━━━━━━ 6.2/6.2 MB 88.2 MB/s eta 0:00:00
2025-02-24T02:06:28.5399683Z Downloading typing_extensions-4.12.2-py3-none-any.whl (37 kB)
2025-02-24T02:06:28.5496170Z Downloading urllib3-2.3.0-py3-none-any.whl (128 kB)
2025-02-24T02:06:28.5593263Z Downloading virtualenv-20.29.2-py3-none-any.whl (4.3 MB)
2025-02-24T02:06:28.5865459Z    ━━━━━━━━━━━━━━━━━━━━━━━━━━━━━━━━━━━━━━━━ 4.3/4.3 MB 164.5 MB/s eta 0:00:00
2025-02-24T02:06:28.5938434Z Downloading werkzeug-3.1.3-py3-none-any.whl (224 kB)
2025-02-24T02:06:28.6053386Z Downloading iniconfig-2.0.0-py3-none-any.whl (5.9 kB)
2025-02-24T02:06:28.6150805Z Downloading jsonpatch-1.33-py2.py3-none-any.whl (12 kB)
2025-02-24T02:06:28.6249455Z Downloading rich-13.9.4-py3-none-any.whl (242 kB)
2025-02-24T02:06:28.6361582Z Downloading xmltodict-0.14.2-py2.py3-none-any.whl (10.0 kB)
2025-02-24T02:06:28.6456280Z Downloading attrs-25.1.0-py3-none-any.whl (63 kB)
2025-02-24T02:06:28.6551575Z Downloading cffi-1.17.1-cp311-cp311-manylinux_2_17_x86_64.manylinux2014_x86_64.whl (467 kB)
2025-02-24T02:06:28.6672321Z Downloading distlib-0.3.9-py2.py3-none-any.whl (468 kB)
2025-02-24T02:06:28.6791645Z Downloading filelock-3.17.0-py3-none-any.whl (16 kB)
2025-02-24T02:06:28.6887808Z Downloading jsonpointer-3.0.0-py2.py3-none-any.whl (7.6 kB)
2025-02-24T02:06:28.6988486Z Downloading jsonschema_specifications-2024.10.1-py3-none-any.whl (18 kB)
2025-02-24T02:06:28.7080651Z Downloading markdown_it_py-3.0.0-py3-none-any.whl (87 kB)
2025-02-24T02:06:28.7183363Z Downloading MarkupSafe-3.0.2-cp311-cp311-manylinux_2_17_x86_64.manylinux2014_x86_64.whl (23 kB)
2025-02-24T02:06:28.7275172Z Downloading mpmath-1.3.0-py3-none-any.whl (536 kB)
2025-02-24T02:06:28.7337477Z    ━━━━━━━━━━━━━━━━━━━━━━━━━━━━━━━━━━━━━━━━ 536.2/536.2 kB 74.2 MB/s eta 0:00:00
2025-02-24T02:06:28.7416666Z Downloading pbr-6.1.1-py2.py3-none-any.whl (108 kB)
2025-02-24T02:06:28.7517346Z Downloading pydantic-2.10.6-py3-none-any.whl (431 kB)
2025-02-24T02:06:28.7635591Z Downloading pydantic_core-2.27.2-cp311-cp311-manylinux_2_17_x86_64.manylinux2014_x86_64.whl (2.0 MB)
2025-02-24T02:06:28.7779643Z    ━━━━━━━━━━━━━━━━━━━━━━━━━━━━━━━━━━━━━━━━ 2.0/2.0 MB 140.8 MB/s eta 0:00:00
2025-02-24T02:06:28.7852049Z Downloading pygments-2.19.1-py3-none-any.whl (1.2 MB)
2025-02-24T02:06:28.7947586Z    ━━━━━━━━━━━━━━━━━━━━━━━━━━━━━━━━━━━━━━━━ 1.2/1.2 MB 133.7 MB/s eta 0:00:00
2025-02-24T02:06:28.8019986Z Downloading referencing-0.36.2-py3-none-any.whl (26 kB)
2025-02-24T02:06:28.8163028Z Downloading rpds_py-0.23.1-cp311-cp311-manylinux_2_17_x86_64.manylinux2014_x86_64.whl (386 kB)
2025-02-24T02:06:28.8282457Z Downloading jsonpickle-4.0.2-py3-none-any.whl (46 kB)
2025-02-24T02:06:28.8380410Z Downloading annotated_types-0.7.0-py3-none-any.whl (13 kB)
2025-02-24T02:06:28.8475324Z Downloading mdurl-0.1.2-py3-none-any.whl (10.0 kB)
2025-02-24T02:06:28.8581479Z Downloading pycparser-2.22-py3-none-any.whl (117 kB)
2025-02-24T02:06:29.0896909Z Installing collected packages: mpmath, distlib, xmltodict, urllib3, typing-extensions, sympy, six, rpds-py, regex, pyyaml, pygments, pyflakes, pycparser, pycodestyle, pluggy, platformdirs, pbr, pathspec, packaging, nodeenv, networkx, mypy-extensions, mdurl, mccabe, MarkupSafe, jsonpointer, jsonpickle, jmespath, iniconfig, idna, identify, filelock, coverage, click, charset-normalizer, cfgv, certifi, attrs, annotated-types, werkzeug, virtualenv, stevedore, sarif-om, requests, referencing, python-dateutil, pytest, pydantic-core, mypy, markdown-it-py, junit-xml, jsonpatch, jschema-to-python, Jinja2, flake8, cffi, black, rich, responses, pytest-cov, pydantic, pre-commit, jsonschema-specifications, cryptography, botocore, s3transfer, jsonschema, bandit, boto3, moto, aws-sam-translator, cfn-lint
2025-02-24T02:06:42.0836903Z Successfully installed Jinja2-3.1.5 MarkupSafe-3.0.2 annotated-types-0.7.0 attrs-25.1.0 aws-sam-translator-1.95.0 bandit-1.7.8 black-24.3.0 boto3-1.34.69 botocore-1.34.162 certifi-2025.1.31 cffi-1.17.1 cfgv-3.4.0 cfn-lint-0.85.1 charset-normalizer-3.4.1 click-8.1.8 coverage-7.6.12 cryptography-44.0.1 distlib-0.3.9 filelock-3.17.0 flake8-7.0.0 identify-2.6.8 idna-3.10 iniconfig-2.0.0 jmespath-1.0.1 jschema-to-python-1.2.3 jsonpatch-1.33 jsonpickle-4.0.2 jsonpointer-3.0.0 jsonschema-4.23.0 jsonschema-specifications-2024.10.1 junit-xml-1.9 markdown-it-py-3.0.0 mccabe-0.7.0 mdurl-0.1.2 moto-5.0.3 mpmath-1.3.0 mypy-1.9.0 mypy-extensions-1.0.0 networkx-3.4.2 nodeenv-1.9.1 packaging-24.2 pathspec-0.12.1 pbr-6.1.1 platformdirs-4.3.6 pluggy-1.5.0 pre-commit-3.6.2 pycodestyle-2.11.1 pycparser-2.22 pydantic-2.10.6 pydantic-core-2.27.2 pyflakes-3.2.0 pygments-2.19.1 pytest-8.1.1 pytest-cov-4.1.0 python-dateutil-2.8.2 pyyaml-6.0.2 referencing-0.36.2 regex-2024.11.6 requests-2.31.0 responses-0.25.6 rich-13.9.4 rpds-py-0.23.1 s3transfer-0.10.4 sarif-om-1.0.4 six-1.17.0 stevedore-5.4.1 sympy-1.13.3 typing-extensions-4.12.2 urllib3-2.3.0 virtualenv-20.29.2 werkzeug-3.1.3 xmltodict-0.14.2
2025-02-24T02:06:42.3337919Z ##[group]Run python -m pytest tests/ --cov=src/ --cov-report=xml
2025-02-24T02:06:42.3338406Z [36;1mpython -m pytest tests/ --cov=src/ --cov-report=xml[0m
2025-02-24T02:06:42.3397981Z shell: /usr/bin/bash -e {0}
2025-02-24T02:06:42.3398252Z env:
2025-02-24T02:06:42.3398545Z   pythonLocation: /opt/hostedtoolcache/Python/3.11.11/x64
2025-02-24T02:06:42.3399225Z   PKG_CONFIG_PATH: /opt/hostedtoolcache/Python/3.11.11/x64/lib/pkgconfig
2025-02-24T02:06:42.3399888Z   Python_ROOT_DIR: /opt/hostedtoolcache/Python/3.11.11/x64
2025-02-24T02:06:42.3400328Z   Python2_ROOT_DIR: /opt/hostedtoolcache/Python/3.11.11/x64
2025-02-24T02:06:42.3400769Z   Python3_ROOT_DIR: /opt/hostedtoolcache/Python/3.11.11/x64
2025-02-24T02:06:42.3401207Z   LD_LIBRARY_PATH: /opt/hostedtoolcache/Python/3.11.11/x64/lib
2025-02-24T02:06:42.3401571Z ##[endgroup]
2025-02-24T02:06:43.2793134Z ============================= test session starts ==============================
2025-02-24T02:06:43.2793911Z platform linux -- Python 3.11.11, pytest-8.1.1, pluggy-1.5.0
2025-02-24T02:06:43.2794714Z rootdir: /home/runner/work/securityhub_soc2analysis/securityhub_soc2analysis
2025-02-24T02:06:43.2795367Z configfile: pytest.ini
2025-02-24T02:06:43.2795725Z plugins: cov-4.1.0
2025-02-24T02:06:43.2796047Z collected 9 items
2025-02-24T02:06:43.2796248Z 
2025-02-24T02:06:43.3607969Z tests/test_index.py .........                                            [100%]
2025-02-24T02:06:43.3608408Z 
2025-02-24T02:06:43.3608671Z ---------- coverage: platform linux, python 3.11.11-final-0 ----------
2025-02-24T02:06:43.3609557Z Coverage XML written to file coverage.xml
2025-02-24T02:06:43.3609844Z 
2025-02-24T02:06:43.3609850Z 
2025-02-24T02:06:43.3610023Z ============================== 9 passed in 0.44s ===============================
2025-02-24T02:06:43.4165205Z ##[group]Run codecov/codecov-action@v4
2025-02-24T02:06:43.4165487Z with:
2025-02-24T02:06:43.4165659Z env:
2025-02-24T02:06:43.4165898Z   pythonLocation: /opt/hostedtoolcache/Python/3.11.11/x64
2025-02-24T02:06:43.4166310Z   PKG_CONFIG_PATH: /opt/hostedtoolcache/Python/3.11.11/x64/lib/pkgconfig
2025-02-24T02:06:43.4166692Z   Python_ROOT_DIR: /opt/hostedtoolcache/Python/3.11.11/x64
2025-02-24T02:06:43.4167036Z   Python2_ROOT_DIR: /opt/hostedtoolcache/Python/3.11.11/x64
2025-02-24T02:06:43.4167385Z   Python3_ROOT_DIR: /opt/hostedtoolcache/Python/3.11.11/x64
2025-02-24T02:06:43.4167732Z   LD_LIBRARY_PATH: /opt/hostedtoolcache/Python/3.11.11/x64/lib
2025-02-24T02:06:43.4168016Z   CODECOV_TOKEN: 
2025-02-24T02:06:43.4168206Z ##[endgroup]
2025-02-24T02:06:43.5001895Z eventName: push
2025-02-24T02:06:43.5016350Z ==> linux OS detected
2025-02-24T02:06:44.0921589Z https://cli.codecov.io/latest/linux/codecov.SHA256SUM
2025-02-24T02:06:44.1826539Z gpg: directory '/home/runner/.gnupg' created
2025-02-24T02:06:44.1828958Z gpg: keybox '/home/runner/.gnupg/pubring.kbx' created
2025-02-24T02:06:44.1841993Z gpg: /home/runner/.gnupg/trustdb.gpg: trustdb created
2025-02-24T02:06:44.1842992Z gpg: key 806BB28AED779869: public key "Codecov Uploader (Codecov Uploader Verification Key) <security@codecov.io>" imported
2025-02-24T02:06:44.2133324Z gpg: Total number processed: 1
2025-02-24T02:06:44.2133824Z gpg:               imported: 1
2025-02-24T02:06:44.2188733Z gpg: Signature made Fri Feb 21 21:18:38 2025 UTC
2025-02-24T02:06:44.2189533Z gpg:                using RSA key 27034E7FDB850E0BBC2C62FF806BB28AED779869
2025-02-24T02:06:44.2192394Z gpg: Good signature from "Codecov Uploader (Codecov Uploader Verification Key) <security@codecov.io>" [unknown]
2025-02-24T02:06:44.2193161Z gpg: WARNING: This key is not certified with a trusted signature!
2025-02-24T02:06:44.2193840Z gpg:          There is no indication that the signature belongs to the owner.
2025-02-24T02:06:44.2194630Z Primary key fingerprint: 2703 4E7F DB85 0E0B BC2C  62FF 806B B28A ED77 9869
2025-02-24T02:06:44.2752811Z ==> Uploader SHASUM verified (ec031bdc38a2ca279ea1f56650b63aa6ce1365e7ee9da33b413e6f175a94fe2b  codecov)
2025-02-24T02:06:44.2754072Z ==> Running version latest
2025-02-24T02:06:44.3531815Z Could not pull latest version information: SyntaxError: Unexpected token '<', "<!DOCTYPE "... is not valid JSON
2025-02-24T02:06:44.3534331Z ==> Running git config --global --add safe.directory /home/runner/work/securityhub_soc2analysis/securityhub_soc2analysis
2025-02-24T02:06:44.3619901Z [command]/usr/bin/git config --global --add safe.directory /home/runner/work/securityhub_soc2analysis/securityhub_soc2analysis
2025-02-24T02:06:44.3672153Z ==> Running command '/home/runner/work/_actions/codecov/codecov-action/v4/dist/codecov create-commit'
2025-02-24T02:06:44.3674476Z [command]/home/runner/work/_actions/codecov/codecov-action/v4/dist/codecov create-commit --git-service github
2025-02-24T02:06:44.7707032Z ##[error]The operation was canceled.
2025-02-24T02:06:44.7773074Z Post job cleanup.
2025-02-24T02:06:44.8707515Z [command]/usr/bin/git version
2025-02-24T02:06:44.8748362Z git version 2.48.1
2025-02-24T02:06:44.8786289Z Copying '/home/runner/.gitconfig' to '/home/runner/work/_temp/d579ba8c-0864-41ac-82af-9d43fbad4489/.gitconfig'
2025-02-24T02:06:44.8797808Z Temporarily overriding HOME='/home/runner/work/_temp/d579ba8c-0864-41ac-82af-9d43fbad4489' before making global git config changes
2025-02-24T02:06:44.8799267Z Adding repository directory to the temporary git global config as a safe directory
2025-02-24T02:06:44.8801939Z [command]/usr/bin/git config --global --add safe.directory /home/runner/work/securityhub_soc2analysis/securityhub_soc2analysis
2025-02-24T02:06:44.8843536Z [command]/usr/bin/git config --local --name-only --get-regexp core\.sshCommand
2025-02-24T02:06:44.8878572Z [command]/usr/bin/git submodule foreach --recursive sh -c "git config --local --name-only --get-regexp 'core\.sshCommand' && git config --local --unset-all 'core.sshCommand' || :"
2025-02-24T02:06:44.9136473Z [command]/usr/bin/git config --local --name-only --get-regexp http\.https\:\/\/github\.com\/\.extraheader
2025-02-24T02:06:44.9159493Z http.https://github.com/.extraheader
2025-02-24T02:06:44.9173076Z [command]/usr/bin/git config --local --unset-all http.https://github.com/.extraheader
2025-02-24T02:06:44.9207502Z [command]/usr/bin/git submodule foreach --recursive sh -c "git config --local --name-only --get-regexp 'http\.https\:\/\/github\.com\/\.extraheader' && git config --local --unset-all 'http.https://github.com/.extraheader' || :"
2025-02-24T02:06:44.9562458Z Cleaning up orphan processes
2025-02-24T02:06:44.9810045Z Terminate orphan process: pid (2022) (codecov)
2025-02-24T02:06:44.9860729Z Terminate orphan process: pid (2023) (codecov)
