2025-02-24T02:06:18.0986756Z Current runner version: '2.322.0'
2025-02-24T02:06:18.1013799Z ##[group]Operating System
2025-02-24T02:06:18.1014608Z Ubuntu
2025-02-24T02:06:18.1015145Z 24.04.1
2025-02-24T02:06:18.1015711Z LTS
2025-02-24T02:06:18.1016219Z ##[endgroup]
2025-02-24T02:06:18.1016748Z ##[group]Runner Image
2025-02-24T02:06:18.1017372Z Image: ubuntu-24.04
2025-02-24T02:06:18.1017929Z Version: 20250209.1.0
2025-02-24T02:06:18.1018988Z Included Software: https://github.com/actions/runner-images/blob/ubuntu24/20250209.1/images/ubuntu/Ubuntu2404-Readme.md
2025-02-24T02:06:18.1020434Z Image Release: https://github.com/actions/runner-images/releases/tag/ubuntu24%2F20250209.1
2025-02-24T02:06:18.1021363Z ##[endgroup]
2025-02-24T02:06:18.1021867Z ##[group]Runner Image Provisioner
2025-02-24T02:06:18.1022526Z 2.0.422.1
2025-02-24T02:06:18.1023177Z ##[endgroup]
2025-02-24T02:06:18.1024344Z ##[group]GITHUB_TOKEN Permissions
2025-02-24T02:06:18.1026402Z Contents: read
2025-02-24T02:06:18.1027001Z Metadata: read
2025-02-24T02:06:18.1027849Z Packages: read
2025-02-24T02:06:18.1028425Z ##[endgroup]
2025-02-24T02:06:18.1031854Z Secret source: Actions
2025-02-24T02:06:18.1033205Z Prepare workflow directory
2025-02-24T02:06:18.1354226Z Prepare all required actions
2025-02-24T02:06:18.1395066Z Getting action download info
2025-02-24T02:06:18.4233141Z ##[group]Download immutable action package 'actions/checkout@v4'
2025-02-24T02:06:18.4234252Z Version: 4.2.2
2025-02-24T02:06:18.4235264Z Digest: sha256:ccb2698953eaebd21c7bf6268a94f9c26518a7e38e27e0b83c1fe1ad049819b1
2025-02-24T02:06:18.4236555Z Source commit SHA: 11bd71901bbe5b1630ceea73d27597364c9af683
2025-02-24T02:06:18.4237316Z ##[endgroup]
2025-02-24T02:06:18.5276346Z ##[group]Download immutable action package 'actions/setup-python@v5'
2025-02-24T02:06:18.5277166Z Version: 5.4.0
2025-02-24T02:06:18.5278032Z Digest: sha256:6003df952c8106bcd378d2ba997eef202da924317a57269dfa72449b135adb7f
2025-02-24T02:06:18.5279005Z Source commit SHA: 42375524e23c412d93fb67b49958b491fce71c38
2025-02-24T02:06:18.5279759Z ##[endgroup]
2025-02-24T02:06:18.8647715Z Download action repository 'codecov/codecov-action@v4' (SHA:b9fd7d16f6d7d1b5d2bec1a2887e65ceed900238)
2025-02-24T02:06:19.4485219Z Complete job name: test (3.12)
2025-02-24T02:06:19.5290968Z ##[group]Run actions/checkout@v4
2025-02-24T02:06:19.5292449Z with:
2025-02-24T02:06:19.5293749Z   repository: ajy0127/securityhub_soc2analysis
2025-02-24T02:06:19.5295245Z   token: ***
2025-02-24T02:06:19.5296070Z   ssh-strict: true
2025-02-24T02:06:19.5296918Z   ssh-user: git
2025-02-24T02:06:19.5297804Z   persist-credentials: true
2025-02-24T02:06:19.5298753Z   clean: true
2025-02-24T02:06:19.5299638Z   sparse-checkout-cone-mode: true
2025-02-24T02:06:19.5300683Z   fetch-depth: 1
2025-02-24T02:06:19.5301533Z   fetch-tags: false
2025-02-24T02:06:19.5302415Z   show-progress: true
2025-02-24T02:06:19.5303427Z   lfs: false
2025-02-24T02:06:19.5304267Z   submodules: false
2025-02-24T02:06:19.5305151Z   set-safe-directory: true
2025-02-24T02:06:19.5306416Z ##[endgroup]
2025-02-24T02:06:19.7789087Z Syncing repository: ajy0127/securityhub_soc2analysis
2025-02-24T02:06:19.7792555Z ##[group]Getting Git version info
2025-02-24T02:06:19.7795134Z Working directory is '/home/runner/work/securityhub_soc2analysis/securityhub_soc2analysis'
2025-02-24T02:06:19.7798197Z [command]/usr/bin/git version
2025-02-24T02:06:19.7898285Z git version 2.48.1
2025-02-24T02:06:19.7957054Z ##[endgroup]
2025-02-24T02:06:19.7979596Z Temporarily overriding HOME='/home/runner/work/_temp/6b609343-b397-47c3-86be-67941b56cd54' before making global git config changes
2025-02-24T02:06:19.7982470Z Adding repository directory to the temporary git global config as a safe directory
2025-02-24T02:06:19.7985820Z [command]/usr/bin/git config --global --add safe.directory /home/runner/work/securityhub_soc2analysis/securityhub_soc2analysis
2025-02-24T02:06:19.8033069Z Deleting the contents of '/home/runner/work/securityhub_soc2analysis/securityhub_soc2analysis'
2025-02-24T02:06:19.8037575Z ##[group]Initializing the repository
2025-02-24T02:06:19.8043695Z [command]/usr/bin/git init /home/runner/work/securityhub_soc2analysis/securityhub_soc2analysis
2025-02-24T02:06:19.8149777Z hint: Using 'master' as the name for the initial branch. This default branch name
2025-02-24T02:06:19.8152461Z hint: is subject to change. To configure the initial branch name to use in all
2025-02-24T02:06:19.8155191Z hint: of your new repositories, which will suppress this warning, call:
2025-02-24T02:06:19.8157812Z hint:
2025-02-24T02:06:19.8159578Z hint: 	git config --global init.defaultBranch <name>
2025-02-24T02:06:19.8162112Z hint:
2025-02-24T02:06:19.8164346Z hint: Names commonly chosen instead of 'master' are 'main', 'trunk' and
2025-02-24T02:06:19.8167524Z hint: 'development'. The just-created branch can be renamed via this command:
2025-02-24T02:06:19.8170942Z hint:
2025-02-24T02:06:19.8172846Z hint: 	git branch -m <name>
2025-02-24T02:06:19.8176257Z Initialized empty Git repository in /home/runner/work/securityhub_soc2analysis/securityhub_soc2analysis/.git/
2025-02-24T02:06:19.8183181Z [command]/usr/bin/git remote add origin https://github.com/ajy0127/securityhub_soc2analysis
2025-02-24T02:06:19.8217441Z ##[endgroup]
2025-02-24T02:06:19.8219851Z ##[group]Disabling automatic garbage collection
2025-02-24T02:06:19.8223329Z [command]/usr/bin/git config --local gc.auto 0
2025-02-24T02:06:19.8257807Z ##[endgroup]
2025-02-24T02:06:19.8259213Z ##[group]Setting up auth
2025-02-24T02:06:19.8264469Z [command]/usr/bin/git config --local --name-only --get-regexp core\.sshCommand
2025-02-24T02:06:19.8317981Z [command]/usr/bin/git submodule foreach --recursive sh -c "git config --local --name-only --get-regexp 'core\.sshCommand' && git config --local --unset-all 'core.sshCommand' || :"
2025-02-24T02:06:19.8749175Z [command]/usr/bin/git config --local --name-only --get-regexp http\.https\:\/\/github\.com\/\.extraheader
2025-02-24T02:06:19.8786272Z [command]/usr/bin/git submodule foreach --recursive sh -c "git config --local --name-only --get-regexp 'http\.https\:\/\/github\.com\/\.extraheader' && git config --local --unset-all 'http.https://github.com/.extraheader' || :"
2025-02-24T02:06:19.9051746Z [command]/usr/bin/git config --local http.https://github.com/.extraheader AUTHORIZATION: basic ***
2025-02-24T02:06:19.9093156Z ##[endgroup]
2025-02-24T02:06:19.9096133Z ##[group]Fetching the repository
2025-02-24T02:06:19.9105332Z [command]/usr/bin/git -c protocol.version=2 fetch --no-tags --prune --no-recurse-submodules --depth=1 origin +f785de282e6e4c896b36b9d8c7bb2ff1d5118872:refs/remotes/origin/main
2025-02-24T02:06:20.4933483Z From https://github.com/ajy0127/securityhub_soc2analysis
2025-02-24T02:06:20.4935409Z  * [new ref]         f785de282e6e4c896b36b9d8c7bb2ff1d5118872 -> origin/main
2025-02-24T02:06:20.4963688Z ##[endgroup]
2025-02-24T02:06:20.4965303Z ##[group]Determining the checkout info
2025-02-24T02:06:20.4966910Z ##[endgroup]
2025-02-24T02:06:20.4971230Z [command]/usr/bin/git sparse-checkout disable
2025-02-24T02:06:20.5016953Z [command]/usr/bin/git config --local --unset-all extensions.worktreeConfig
2025-02-24T02:06:20.5048394Z ##[group]Checking out the ref
2025-02-24T02:06:20.5054604Z [command]/usr/bin/git checkout --progress --force -B main refs/remotes/origin/main
2025-02-24T02:06:20.5167000Z Switched to a new branch 'main'
2025-02-24T02:06:20.5169089Z branch 'main' set up to track 'origin/main'.
2025-02-24T02:06:20.5177819Z ##[endgroup]
2025-02-24T02:06:20.5229811Z [command]/usr/bin/git log -1 --format=%H
2025-02-24T02:06:20.5256144Z f785de282e6e4c896b36b9d8c7bb2ff1d5118872
2025-02-24T02:06:20.5675003Z ##[group]Run actions/setup-python@v5
2025-02-24T02:06:20.5676054Z with:
2025-02-24T02:06:20.5676799Z   python-version: 3.12
2025-02-24T02:06:20.5677623Z   cache: pip
2025-02-24T02:06:20.5678382Z   check-latest: false
2025-02-24T02:06:20.5679472Z   token: ***
2025-02-24T02:06:20.5680260Z   update-environment: true
2025-02-24T02:06:20.5681188Z   allow-prereleases: false
2025-02-24T02:06:20.5682069Z ##[endgroup]
2025-02-24T02:06:20.7482679Z ##[group]Installed versions
2025-02-24T02:06:20.7544740Z Successfully set up CPython (3.12.9)
2025-02-24T02:06:20.7546444Z ##[endgroup]
2025-02-24T02:06:20.8181034Z [command]/opt/hostedtoolcache/Python/3.12.9/x64/bin/pip cache dir
2025-02-24T02:06:21.1384611Z /home/runner/.cache/pip
2025-02-24T02:06:21.4579781Z Cache hit for: setup-python-Linux-x64-24.04-Ubuntu-python-3.12.9-pip-91d90556e6b943c05d069084bc8cbcbd49e4bfe3709354780feecc28d856cb9e
2025-02-24T02:06:22.8432558Z Received 0 of 33589058 (0.0%), 0.0 MBs/sec
2025-02-24T02:06:23.4939767Z Received 33589058 of 33589058 (100.0%), 19.4 MBs/sec
2025-02-24T02:06:23.4940655Z Cache Size: ~32 MB (33589058 B)
2025-02-24T02:06:23.4975457Z [command]/usr/bin/tar -xf /home/runner/work/_temp/03367169-be14-493b-8e9f-113c61981448/cache.tzst -P -C /home/runner/work/securityhub_soc2analysis/securityhub_soc2analysis --use-compress-program unzstd
2025-02-24T02:06:23.5794498Z Cache restored successfully
2025-02-24T02:06:23.5871319Z Cache restored from key: setup-python-Linux-x64-24.04-Ubuntu-python-3.12.9-pip-91d90556e6b943c05d069084bc8cbcbd49e4bfe3709354780feecc28d856cb9e
2025-02-24T02:06:23.6046006Z ##[group]Run python -m pip install --upgrade pip setuptools wheel
2025-02-24T02:06:23.6046659Z [36;1mpython -m pip install --upgrade pip setuptools wheel[0m
2025-02-24T02:06:23.6047088Z [36;1mpip install -r requirements.txt[0m
2025-02-24T02:06:23.6254992Z shell: /usr/bin/bash -e {0}
2025-02-24T02:06:23.6255442Z env:
2025-02-24T02:06:23.6255787Z   pythonLocation: /opt/hostedtoolcache/Python/3.12.9/x64
2025-02-24T02:06:23.6256330Z   PKG_CONFIG_PATH: /opt/hostedtoolcache/Python/3.12.9/x64/lib/pkgconfig
2025-02-24T02:06:23.6256808Z   Python_ROOT_DIR: /opt/hostedtoolcache/Python/3.12.9/x64
2025-02-24T02:06:23.6257250Z   Python2_ROOT_DIR: /opt/hostedtoolcache/Python/3.12.9/x64
2025-02-24T02:06:23.6257716Z   Python3_ROOT_DIR: /opt/hostedtoolcache/Python/3.12.9/x64
2025-02-24T02:06:23.6258132Z   LD_LIBRARY_PATH: /opt/hostedtoolcache/Python/3.12.9/x64/lib
2025-02-24T02:06:23.6258503Z ##[endgroup]
2025-02-24T02:06:24.2394700Z Requirement already satisfied: pip in /opt/hostedtoolcache/Python/3.12.9/x64/lib/python3.12/site-packages (25.0.1)
2025-02-24T02:06:24.4602511Z Collecting setuptools
2025-02-24T02:06:24.5041719Z   Downloading setuptools-75.8.0-py3-none-any.whl.metadata (6.7 kB)
2025-02-24T02:06:24.5369018Z Collecting wheel
2025-02-24T02:06:24.5401704Z   Downloading wheel-0.45.1-py3-none-any.whl.metadata (2.3 kB)
2025-02-24T02:06:24.5506304Z Downloading setuptools-75.8.0-py3-none-any.whl (1.2 MB)
2025-02-24T02:06:24.5915747Z    ━━━━━━━━━━━━━━━━━━━━━━━━━━━━━━━━━━━━━━━━ 1.2/1.2 MB 58.7 MB/s eta 0:00:00
2025-02-24T02:06:24.5953855Z Downloading wheel-0.45.1-py3-none-any.whl (72 kB)
2025-02-24T02:06:24.6162472Z Installing collected packages: wheel, setuptools
2025-02-24T02:06:25.4847969Z Successfully installed setuptools-75.8.0 wheel-0.45.1
2025-02-24T02:06:26.2916530Z Collecting boto3==1.34.69 (from -r requirements.txt (line 1))
2025-02-24T02:06:26.3276812Z   Downloading boto3-1.34.69-py3-none-any.whl.metadata (6.6 kB)
2025-02-24T02:06:26.3480313Z Collecting python-dateutil==2.8.2 (from -r requirements.txt (line 2))
2025-02-24T02:06:26.3544646Z   Downloading python_dateutil-2.8.2-py2.py3-none-any.whl.metadata (8.2 kB)
2025-02-24T02:06:26.3958482Z Collecting requests==2.31.0 (from -r requirements.txt (line 3))
2025-02-24T02:06:26.4010522Z   Downloading requests-2.31.0-py3-none-any.whl.metadata (4.6 kB)
2025-02-24T02:06:26.4386932Z Collecting pytest==8.1.1 (from -r requirements.txt (line 4))
2025-02-24T02:06:26.4425957Z   Downloading pytest-8.1.1-py3-none-any.whl.metadata (7.6 kB)
2025-02-24T02:06:26.4644368Z Collecting pytest-cov==4.1.0 (from -r requirements.txt (line 5))
2025-02-24T02:06:26.4681043Z   Downloading pytest_cov-4.1.0-py3-none-any.whl.metadata (26 kB)
2025-02-24T02:06:26.4981283Z Collecting flake8==7.0.0 (from -r requirements.txt (line 6))
2025-02-24T02:06:26.5084914Z   Downloading flake8-7.0.0-py2.py3-none-any.whl.metadata (3.8 kB)
2025-02-24T02:06:26.6026885Z Collecting black==24.3.0 (from -r requirements.txt (line 7))
2025-02-24T02:06:26.6076741Z   Downloading black-24.3.0-cp312-cp312-manylinux_2_17_x86_64.manylinux2014_x86_64.whl.metadata (75 kB)
2025-02-24T02:06:26.6780199Z Collecting cfn-lint==0.85.1 (from -r requirements.txt (line 8))
2025-02-24T02:06:26.7070451Z   Downloading cfn_lint-0.85.1-py3-none-any.whl.metadata (16 kB)
2025-02-24T02:06:26.8389249Z Collecting moto==5.0.3 (from -r requirements.txt (line 9))
2025-02-24T02:06:26.8441353Z   Downloading moto-5.0.3-py2.py3-none-any.whl.metadata (11 kB)
2025-02-24T02:06:26.9676177Z Collecting mypy==1.9.0 (from -r requirements.txt (line 10))
2025-02-24T02:06:26.9714970Z   Downloading mypy-1.9.0-cp312-cp312-manylinux_2_17_x86_64.manylinux2014_x86_64.whl.metadata (1.9 kB)
2025-02-24T02:06:26.9956258Z Collecting bandit==1.7.8 (from -r requirements.txt (line 11))
2025-02-24T02:06:27.0003318Z   Downloading bandit-1.7.8-py3-none-any.whl.metadata (6.0 kB)
2025-02-24T02:06:27.0375690Z Collecting pre-commit==3.6.2 (from -r requirements.txt (line 12))
2025-02-24T02:06:27.0494030Z   Downloading pre_commit-3.6.2-py2.py3-none-any.whl.metadata (1.3 kB)
2025-02-24T02:06:27.3671528Z Collecting botocore<1.35.0,>=1.34.69 (from boto3==1.34.69->-r requirements.txt (line 1))
2025-02-24T02:06:27.3708801Z   Downloading botocore-1.34.162-py3-none-any.whl.metadata (5.7 kB)
2025-02-24T02:06:27.3854853Z Collecting jmespath<2.0.0,>=0.7.1 (from boto3==1.34.69->-r requirements.txt (line 1))
2025-02-24T02:06:27.3867173Z   Using cached jmespath-1.0.1-py3-none-any.whl.metadata (7.6 kB)
2025-02-24T02:06:27.4032405Z Collecting s3transfer<0.11.0,>=0.10.0 (from boto3==1.34.69->-r requirements.txt (line 1))
2025-02-24T02:06:27.4136418Z   Downloading s3transfer-0.10.4-py3-none-any.whl.metadata (1.7 kB)
2025-02-24T02:06:27.4293223Z Collecting six>=1.5 (from python-dateutil==2.8.2->-r requirements.txt (line 2))
2025-02-24T02:06:27.4307760Z   Using cached six-1.17.0-py2.py3-none-any.whl.metadata (1.7 kB)
2025-02-24T02:06:27.4888637Z Collecting charset-normalizer<4,>=2 (from requests==2.31.0->-r requirements.txt (line 3))
2025-02-24T02:06:27.4924035Z   Downloading charset_normalizer-3.4.1-cp312-cp312-manylinux_2_17_x86_64.manylinux2014_x86_64.whl.metadata (35 kB)
2025-02-24T02:06:27.5200544Z Collecting idna<4,>=2.5 (from requests==2.31.0->-r requirements.txt (line 3))
2025-02-24T02:06:27.5235323Z   Downloading idna-3.10-py3-none-any.whl.metadata (10 kB)
2025-02-24T02:06:27.5524246Z Collecting urllib3<3,>=1.21.1 (from requests==2.31.0->-r requirements.txt (line 3))
2025-02-24T02:06:27.5537800Z   Using cached urllib3-2.3.0-py3-none-any.whl.metadata (6.5 kB)
2025-02-24T02:06:27.5717602Z Collecting certifi>=2017.4.17 (from requests==2.31.0->-r requirements.txt (line 3))
2025-02-24T02:06:27.5760558Z   Downloading certifi-2025.1.31-py3-none-any.whl.metadata (2.5 kB)
2025-02-24T02:06:27.5899601Z Collecting iniconfig (from pytest==8.1.1->-r requirements.txt (line 4))
2025-02-24T02:06:27.5978547Z   Downloading iniconfig-2.0.0-py3-none-any.whl.metadata (2.6 kB)
2025-02-24T02:06:27.6151047Z Collecting packaging (from pytest==8.1.1->-r requirements.txt (line 4))
2025-02-24T02:06:27.6191209Z   Downloading packaging-24.2-py3-none-any.whl.metadata (3.2 kB)
2025-02-24T02:06:27.6340043Z Collecting pluggy<2.0,>=1.4 (from pytest==8.1.1->-r requirements.txt (line 4))
2025-02-24T02:06:27.6375487Z   Downloading pluggy-1.5.0-py3-none-any.whl.metadata (4.8 kB)
2025-02-24T02:06:27.8933526Z Collecting coverage>=5.2.1 (from coverage[toml]>=5.2.1->pytest-cov==4.1.0->-r requirements.txt (line 5))
2025-02-24T02:06:27.8972149Z   Downloading coverage-7.6.12-cp312-cp312-manylinux_2_5_x86_64.manylinux1_x86_64.manylinux_2_17_x86_64.manylinux2014_x86_64.whl.metadata (8.5 kB)
2025-02-24T02:06:27.9123864Z Collecting mccabe<0.8.0,>=0.7.0 (from flake8==7.0.0->-r requirements.txt (line 6))
2025-02-24T02:06:27.9159977Z   Downloading mccabe-0.7.0-py2.py3-none-any.whl.metadata (5.0 kB)
2025-02-24T02:06:27.9298012Z Collecting pycodestyle<2.12.0,>=2.11.0 (from flake8==7.0.0->-r requirements.txt (line 6))
2025-02-24T02:06:27.9338369Z   Downloading pycodestyle-2.11.1-py2.py3-none-any.whl.metadata (4.5 kB)
2025-02-24T02:06:27.9544195Z Collecting pyflakes<3.3.0,>=3.2.0 (from flake8==7.0.0->-r requirements.txt (line 6))
2025-02-24T02:06:27.9579181Z   Downloading pyflakes-3.2.0-py2.py3-none-any.whl.metadata (3.5 kB)
2025-02-24T02:06:27.9818154Z Collecting click>=8.0.0 (from black==24.3.0->-r requirements.txt (line 7))
2025-02-24T02:06:27.9852747Z   Downloading click-8.1.8-py3-none-any.whl.metadata (2.3 kB)
2025-02-24T02:06:27.9981253Z Collecting mypy-extensions>=0.4.3 (from black==24.3.0->-r requirements.txt (line 7))
2025-02-24T02:06:28.0015479Z   Downloading mypy_extensions-1.0.0-py3-none-any.whl.metadata (1.1 kB)
2025-02-24T02:06:28.0181019Z Collecting pathspec>=0.9.0 (from black==24.3.0->-r requirements.txt (line 7))
2025-02-24T02:06:28.0218045Z   Downloading pathspec-0.12.1-py3-none-any.whl.metadata (21 kB)
2025-02-24T02:06:28.0427389Z Collecting platformdirs>=2 (from black==24.3.0->-r requirements.txt (line 7))
2025-02-24T02:06:28.0463317Z   Downloading platformdirs-4.3.6-py3-none-any.whl.metadata (11 kB)
2025-02-24T02:06:28.0835872Z Collecting pyyaml>5.4 (from cfn-lint==0.85.1->-r requirements.txt (line 8))
2025-02-24T02:06:28.0849304Z   Using cached PyYAML-6.0.2-cp312-cp312-manylinux_2_17_x86_64.manylinux2014_x86_64.whl.metadata (2.1 kB)
2025-02-24T02:06:28.1076038Z Collecting aws-sam-translator>=1.84.0 (from cfn-lint==0.85.1->-r requirements.txt (line 8))
2025-02-24T02:06:28.1089404Z   Using cached aws_sam_translator-1.95.0-py3-none-any.whl.metadata (8.3 kB)
2025-02-24T02:06:28.1282079Z Collecting jsonpatch (from cfn-lint==0.85.1->-r requirements.txt (line 8))
2025-02-24T02:06:28.1294451Z   Using cached jsonpatch-1.33-py2.py3-none-any.whl.metadata (3.0 kB)
2025-02-24T02:06:28.1530631Z Collecting jsonschema<5,>=3.0 (from cfn-lint==0.85.1->-r requirements.txt (line 8))
2025-02-24T02:06:28.1543738Z   Using cached jsonschema-4.23.0-py3-none-any.whl.metadata (7.9 kB)
2025-02-24T02:06:28.1775245Z Collecting networkx<4,>=2.4 (from cfn-lint==0.85.1->-r requirements.txt (line 8))
2025-02-24T02:06:28.1788037Z   Using cached networkx-3.4.2-py3-none-any.whl.metadata (6.3 kB)
2025-02-24T02:06:28.1932211Z Collecting junit-xml~=1.9 (from cfn-lint==0.85.1->-r requirements.txt (line 8))
2025-02-24T02:06:28.1967848Z   Downloading junit_xml-1.9-py2.py3-none-any.whl.metadata (3.2 kB)
2025-02-24T02:06:28.2096993Z Collecting jschema-to-python~=1.2.3 (from cfn-lint==0.85.1->-r requirements.txt (line 8))
2025-02-24T02:06:28.2142180Z   Downloading jschema_to_python-1.2.3-py3-none-any.whl.metadata (3.1 kB)
2025-02-24T02:06:28.2259546Z Collecting sarif-om~=1.0.4 (from cfn-lint==0.85.1->-r requirements.txt (line 8))
2025-02-24T02:06:28.2299917Z   Downloading sarif_om-1.0.4-py3-none-any.whl.metadata (3.2 kB)
2025-02-24T02:06:28.2480992Z Collecting sympy>=1.0.0 (from cfn-lint==0.85.1->-r requirements.txt (line 8))
2025-02-24T02:06:28.2492186Z   Using cached sympy-1.13.3-py3-none-any.whl.metadata (12 kB)
2025-02-24T02:06:28.4735981Z Collecting regex>=2021.7.1 (from cfn-lint==0.85.1->-r requirements.txt (line 8))
2025-02-24T02:06:28.4748591Z   Using cached regex-2024.11.6-cp312-cp312-manylinux_2_17_x86_64.manylinux2014_x86_64.whl.metadata (40 kB)
2025-02-24T02:06:28.8528588Z Collecting cryptography>=3.3.1 (from moto==5.0.3->-r requirements.txt (line 9))
2025-02-24T02:06:28.8571259Z   Downloading cryptography-44.0.1-cp39-abi3-manylinux_2_34_x86_64.whl.metadata (5.7 kB)
2025-02-24T02:06:28.8828984Z Collecting xmltodict (from moto==5.0.3->-r requirements.txt (line 9))
2025-02-24T02:06:28.8865996Z   Downloading xmltodict-0.14.2-py2.py3-none-any.whl.metadata (8.0 kB)
2025-02-24T02:06:28.9181798Z Collecting werkzeug!=2.2.0,!=2.2.1,>=0.5 (from moto==5.0.3->-r requirements.txt (line 9))
2025-02-24T02:06:28.9221176Z   Downloading werkzeug-3.1.3-py3-none-any.whl.metadata (3.7 kB)
2025-02-24T02:06:28.9440162Z Collecting responses>=0.15.0 (from moto==5.0.3->-r requirements.txt (line 9))
2025-02-24T02:06:28.9483992Z   Downloading responses-0.25.6-py3-none-any.whl.metadata (47 kB)
2025-02-24T02:06:28.9715847Z Collecting Jinja2>=2.10.1 (from moto==5.0.3->-r requirements.txt (line 9))
2025-02-24T02:06:28.9751415Z   Downloading jinja2-3.1.5-py3-none-any.whl.metadata (2.6 kB)
2025-02-24T02:06:28.9934469Z Collecting typing-extensions>=4.1.0 (from mypy==1.9.0->-r requirements.txt (line 10))
2025-02-24T02:06:28.9946549Z   Using cached typing_extensions-4.12.2-py3-none-any.whl.metadata (3.0 kB)
2025-02-24T02:06:29.0199968Z Collecting stevedore>=1.20.0 (from bandit==1.7.8->-r requirements.txt (line 11))
2025-02-24T02:06:29.0254980Z   Downloading stevedore-5.4.1-py3-none-any.whl.metadata (2.3 kB)
2025-02-24T02:06:29.1077775Z Collecting rich (from bandit==1.7.8->-r requirements.txt (line 11))
2025-02-24T02:06:29.1114477Z   Downloading rich-13.9.4-py3-none-any.whl.metadata (18 kB)
2025-02-24T02:06:29.1286733Z Collecting cfgv>=2.0.0 (from pre-commit==3.6.2->-r requirements.txt (line 12))
2025-02-24T02:06:29.1321932Z   Downloading cfgv-3.4.0-py2.py3-none-any.whl.metadata (8.5 kB)
2025-02-24T02:06:29.1739428Z Collecting identify>=1.0.0 (from pre-commit==3.6.2->-r requirements.txt (line 12))
2025-02-24T02:06:29.1778332Z   Downloading identify-2.6.8-py2.py3-none-any.whl.metadata (4.4 kB)
2025-02-24T02:06:29.1947538Z Collecting nodeenv>=0.11.1 (from pre-commit==3.6.2->-r requirements.txt (line 12))
2025-02-24T02:06:29.1983312Z   Downloading nodeenv-1.9.1-py2.py3-none-any.whl.metadata (21 kB)
2025-02-24T02:06:29.2420004Z Collecting virtualenv>=20.10.0 (from pre-commit==3.6.2->-r requirements.txt (line 12))
2025-02-24T02:06:29.2452861Z   Downloading virtualenv-20.29.2-py3-none-any.whl.metadata (4.5 kB)
2025-02-24T02:06:29.5697702Z Collecting pydantic!=1.10.15,!=1.10.17,<3,>=1.8 (from aws-sam-translator>=1.84.0->cfn-lint==0.85.1->-r requirements.txt (line 8))
2025-02-24T02:06:29.5710448Z   Using cached pydantic-2.10.6-py3-none-any.whl.metadata (30 kB)
2025-02-24T02:06:29.6706017Z Collecting cffi>=1.12 (from cryptography>=3.3.1->moto==5.0.3->-r requirements.txt (line 9))
2025-02-24T02:06:29.6748986Z   Downloading cffi-1.17.1-cp312-cp312-manylinux_2_17_x86_64.manylinux2014_x86_64.whl.metadata (1.5 kB)
2025-02-24T02:06:29.7219309Z Collecting MarkupSafe>=2.0 (from Jinja2>=2.10.1->moto==5.0.3->-r requirements.txt (line 9))
2025-02-24T02:06:29.7260976Z   Downloading MarkupSafe-3.0.2-cp312-cp312-manylinux_2_17_x86_64.manylinux2014_x86_64.whl.metadata (4.0 kB)
2025-02-24T02:06:29.7471589Z Collecting attrs (from jschema-to-python~=1.2.3->cfn-lint==0.85.1->-r requirements.txt (line 8))
2025-02-24T02:06:29.7482679Z   Using cached attrs-25.1.0-py3-none-any.whl.metadata (10 kB)
2025-02-24T02:06:29.7691191Z Collecting jsonpickle (from jschema-to-python~=1.2.3->cfn-lint==0.85.1->-r requirements.txt (line 8))
2025-02-24T02:06:29.7736009Z   Downloading jsonpickle-4.0.2-py3-none-any.whl.metadata (8.2 kB)
2025-02-24T02:06:29.8010185Z Collecting pbr (from jschema-to-python~=1.2.3->cfn-lint==0.85.1->-r requirements.txt (line 8))
2025-02-24T02:06:29.8057776Z   Downloading pbr-6.1.1-py2.py3-none-any.whl.metadata (3.4 kB)
2025-02-24T02:06:29.8247610Z Collecting jsonschema-specifications>=2023.03.6 (from jsonschema<5,>=3.0->cfn-lint==0.85.1->-r requirements.txt (line 8))
2025-02-24T02:06:29.8260841Z   Using cached jsonschema_specifications-2024.10.1-py3-none-any.whl.metadata (3.0 kB)
2025-02-24T02:06:29.8505129Z Collecting referencing>=0.28.4 (from jsonschema<5,>=3.0->cfn-lint==0.85.1->-r requirements.txt (line 8))
2025-02-24T02:06:29.8519682Z   Using cached referencing-0.36.2-py3-none-any.whl.metadata (2.8 kB)
2025-02-24T02:06:30.0196947Z Collecting rpds-py>=0.7.1 (from jsonschema<5,>=3.0->cfn-lint==0.85.1->-r requirements.txt (line 8))
2025-02-24T02:06:30.0210198Z   Using cached rpds_py-0.23.1-cp312-cp312-manylinux_2_17_x86_64.manylinux2014_x86_64.whl.metadata (4.1 kB)
2025-02-24T02:06:30.2200457Z Collecting mpmath<1.4,>=1.1.0 (from sympy>=1.0.0->cfn-lint==0.85.1->-r requirements.txt (line 8))
2025-02-24T02:06:30.2211935Z   Using cached mpmath-1.3.0-py3-none-any.whl.metadata (8.6 kB)
2025-02-24T02:06:30.2459468Z Collecting distlib<1,>=0.3.7 (from virtualenv>=20.10.0->pre-commit==3.6.2->-r requirements.txt (line 12))
2025-02-24T02:06:30.2492236Z   Downloading distlib-0.3.9-py2.py3-none-any.whl.metadata (5.2 kB)
2025-02-24T02:06:30.2690289Z Collecting filelock<4,>=3.12.2 (from virtualenv>=20.10.0->pre-commit==3.6.2->-r requirements.txt (line 12))
2025-02-24T02:06:30.2723957Z   Downloading filelock-3.17.0-py3-none-any.whl.metadata (2.9 kB)
2025-02-24T02:06:30.3018072Z Collecting jsonpointer>=1.9 (from jsonpatch->cfn-lint==0.85.1->-r requirements.txt (line 8))
2025-02-24T02:06:30.3029782Z   Using cached jsonpointer-3.0.0-py2.py3-none-any.whl.metadata (2.3 kB)
2025-02-24T02:06:30.3186444Z Collecting markdown-it-py>=2.2.0 (from rich->bandit==1.7.8->-r requirements.txt (line 11))
2025-02-24T02:06:30.3218014Z   Downloading markdown_it_py-3.0.0-py3-none-any.whl.metadata (6.9 kB)
2025-02-24T02:06:30.4030563Z Collecting pygments<3.0.0,>=2.13.0 (from rich->bandit==1.7.8->-r requirements.txt (line 11))
2025-02-24T02:06:30.4065942Z   Downloading pygments-2.19.1-py3-none-any.whl.metadata (2.5 kB)
2025-02-24T02:06:30.4271108Z Collecting pycparser (from cffi>=1.12->cryptography>=3.3.1->moto==5.0.3->-r requirements.txt (line 9))
2025-02-24T02:06:30.4305606Z   Downloading pycparser-2.22-py3-none-any.whl.metadata (943 bytes)
2025-02-24T02:06:30.4591088Z Collecting mdurl~=0.1 (from markdown-it-py>=2.2.0->rich->bandit==1.7.8->-r requirements.txt (line 11))
2025-02-24T02:06:30.4625090Z   Downloading mdurl-0.1.2-py3-none-any.whl.metadata (1.6 kB)
2025-02-24T02:06:30.4722666Z Requirement already satisfied: setuptools in /opt/hostedtoolcache/Python/3.12.9/x64/lib/python3.12/site-packages (from pbr->jschema-to-python~=1.2.3->cfn-lint==0.85.1->-r requirements.txt (line 8)) (75.8.0)
2025-02-24T02:06:30.4834671Z Collecting annotated-types>=0.6.0 (from pydantic!=1.10.15,!=1.10.17,<3,>=1.8->aws-sam-translator>=1.84.0->cfn-lint==0.85.1->-r requirements.txt (line 8))
2025-02-24T02:06:30.4848254Z   Using cached annotated_types-0.7.0-py3-none-any.whl.metadata (15 kB)
2025-02-24T02:06:30.8768982Z Collecting pydantic-core==2.27.2 (from pydantic!=1.10.15,!=1.10.17,<3,>=1.8->aws-sam-translator>=1.84.0->cfn-lint==0.85.1->-r requirements.txt (line 8))
2025-02-24T02:06:30.8782757Z   Using cached pydantic_core-2.27.2-cp312-cp312-manylinux_2_17_x86_64.manylinux2014_x86_64.whl.metadata (6.6 kB)
2025-02-24T02:06:30.9283835Z Downloading boto3-1.34.69-py3-none-any.whl (139 kB)
2025-02-24T02:06:30.9367068Z Downloading python_dateutil-2.8.2-py2.py3-none-any.whl (247 kB)
2025-02-24T02:06:30.9435098Z Downloading requests-2.31.0-py3-none-any.whl (62 kB)
2025-02-24T02:06:30.9500141Z Downloading pytest-8.1.1-py3-none-any.whl (337 kB)
2025-02-24T02:06:30.9620359Z Downloading pytest_cov-4.1.0-py3-none-any.whl (21 kB)
2025-02-24T02:06:30.9678650Z Downloading flake8-7.0.0-py2.py3-none-any.whl (57 kB)
2025-02-24T02:06:30.9754105Z Downloading black-24.3.0-cp312-cp312-manylinux_2_17_x86_64.manylinux2014_x86_64.whl (1.8 MB)
2025-02-24T02:06:30.9926458Z    ━━━━━━━━━━━━━━━━━━━━━━━━━━━━━━━━━━━━━━━━ 1.8/1.8 MB 118.8 MB/s eta 0:00:00
2025-02-24T02:06:30.9975278Z Downloading cfn_lint-0.85.1-py3-none-any.whl (3.7 MB)
2025-02-24T02:06:31.0271460Z    ━━━━━━━━━━━━━━━━━━━━━━━━━━━━━━━━━━━━━━━━ 3.7/3.7 MB 136.8 MB/s eta 0:00:00
2025-02-24T02:06:31.0317374Z Downloading moto-5.0.3-py2.py3-none-any.whl (3.3 MB)
2025-02-24T02:06:31.0648573Z    ━━━━━━━━━━━━━━━━━━━━━━━━━━━━━━━━━━━━━━━━ 3.3/3.3 MB 111.0 MB/s eta 0:00:00
2025-02-24T02:06:31.0692233Z Downloading mypy-1.9.0-cp312-cp312-manylinux_2_17_x86_64.manylinux2014_x86_64.whl (12.5 MB)
2025-02-24T02:06:31.1695574Z    ━━━━━━━━━━━━━━━━━━━━━━━━━━━━━━━━━━━━━━━━ 12.5/12.5 MB 128.0 MB/s eta 0:00:00
2025-02-24T02:06:31.1742432Z Downloading bandit-1.7.8-py3-none-any.whl (127 kB)
2025-02-24T02:06:31.1827029Z Downloading pre_commit-3.6.2-py2.py3-none-any.whl (204 kB)
2025-02-24T02:06:31.1878419Z Using cached aws_sam_translator-1.95.0-py3-none-any.whl (385 kB)
2025-02-24T02:06:31.1943687Z Downloading botocore-1.34.162-py3-none-any.whl (12.5 MB)
2025-02-24T02:06:31.3611401Z    ━━━━━━━━━━━━━━━━━━━━━━━━━━━━━━━━━━━━━━━━ 12.5/12.5 MB 74.7 MB/s eta 0:00:00
2025-02-24T02:06:31.3663202Z Downloading certifi-2025.1.31-py3-none-any.whl (166 kB)
2025-02-24T02:06:31.3735323Z Downloading cfgv-3.4.0-py2.py3-none-any.whl (7.2 kB)
2025-02-24T02:06:31.3791030Z Downloading charset_normalizer-3.4.1-cp312-cp312-manylinux_2_17_x86_64.manylinux2014_x86_64.whl (145 kB)
2025-02-24T02:06:31.3880905Z Downloading click-8.1.8-py3-none-any.whl (98 kB)
2025-02-24T02:06:31.4024402Z Downloading coverage-7.6.12-cp312-cp312-manylinux_2_5_x86_64.manylinux1_x86_64.manylinux_2_17_x86_64.manylinux2014_x86_64.whl (242 kB)
2025-02-24T02:06:31.4165994Z Downloading cryptography-44.0.1-cp39-abi3-manylinux_2_34_x86_64.whl (4.2 MB)
2025-02-24T02:06:31.4751726Z    ━━━━━━━━━━━━━━━━━━━━━━━━━━━━━━━━━━━━━━━━ 4.2/4.2 MB 73.6 MB/s eta 0:00:00
2025-02-24T02:06:31.4789033Z Downloading identify-2.6.8-py2.py3-none-any.whl (99 kB)
2025-02-24T02:06:31.4849700Z Downloading idna-3.10-py3-none-any.whl (70 kB)
2025-02-24T02:06:31.4925696Z Downloading jinja2-3.1.5-py3-none-any.whl (134 kB)
2025-02-24T02:06:31.4980678Z Using cached jmespath-1.0.1-py3-none-any.whl (20 kB)
2025-02-24T02:06:31.5020967Z Downloading jschema_to_python-1.2.3-py3-none-any.whl (10 kB)
2025-02-24T02:06:31.5054256Z Using cached jsonschema-4.23.0-py3-none-any.whl (88 kB)
2025-02-24T02:06:31.5089700Z Downloading junit_xml-1.9-py2.py3-none-any.whl (7.1 kB)
2025-02-24T02:06:31.5147645Z Downloading mccabe-0.7.0-py2.py3-none-any.whl (7.3 kB)
2025-02-24T02:06:31.5232580Z Downloading mypy_extensions-1.0.0-py3-none-any.whl (4.7 kB)
2025-02-24T02:06:31.5266415Z Using cached networkx-3.4.2-py3-none-any.whl (1.7 MB)
2025-02-24T02:06:31.5314339Z Downloading nodeenv-1.9.1-py2.py3-none-any.whl (22 kB)
2025-02-24T02:06:31.5377563Z Downloading packaging-24.2-py3-none-any.whl (65 kB)
2025-02-24T02:06:31.5440423Z Downloading pathspec-0.12.1-py3-none-any.whl (31 kB)
2025-02-24T02:06:31.5517264Z Downloading platformdirs-4.3.6-py3-none-any.whl (18 kB)
2025-02-24T02:06:31.5574935Z Downloading pluggy-1.5.0-py3-none-any.whl (20 kB)
2025-02-24T02:06:31.5637637Z Downloading pycodestyle-2.11.1-py2.py3-none-any.whl (31 kB)
2025-02-24T02:06:31.5725991Z Downloading pyflakes-3.2.0-py2.py3-none-any.whl (62 kB)
2025-02-24T02:06:31.5762167Z Using cached PyYAML-6.0.2-cp312-cp312-manylinux_2_17_x86_64.manylinux2014_x86_64.whl (767 kB)
2025-02-24T02:06:31.5779953Z Using cached regex-2024.11.6-cp312-cp312-manylinux_2_17_x86_64.manylinux2014_x86_64.whl (796 kB)
2025-02-24T02:06:31.5822500Z Downloading responses-0.25.6-py3-none-any.whl (34 kB)
2025-02-24T02:06:31.5881091Z Downloading s3transfer-0.10.4-py3-none-any.whl (83 kB)
2025-02-24T02:06:31.5951358Z Downloading sarif_om-1.0.4-py3-none-any.whl (30 kB)
2025-02-24T02:06:31.5990287Z Using cached six-1.17.0-py2.py3-none-any.whl (11 kB)
2025-02-24T02:06:31.6053788Z Downloading stevedore-5.4.1-py3-none-any.whl (49 kB)
2025-02-24T02:06:31.6093839Z Using cached sympy-1.13.3-py3-none-any.whl (6.2 MB)
2025-02-24T02:06:31.6153937Z Using cached typing_extensions-4.12.2-py3-none-any.whl (37 kB)
2025-02-24T02:06:31.6165571Z Using cached urllib3-2.3.0-py3-none-any.whl (128 kB)
2025-02-24T02:06:31.6200903Z Downloading virtualenv-20.29.2-py3-none-any.whl (4.3 MB)
2025-02-24T02:06:31.6965478Z    ━━━━━━━━━━━━━━━━━━━━━━━━━━━━━━━━━━━━━━━━ 4.3/4.3 MB 57.0 MB/s eta 0:00:00
2025-02-24T02:06:31.6998209Z Downloading werkzeug-3.1.3-py3-none-any.whl (224 kB)
2025-02-24T02:06:31.7080208Z Downloading iniconfig-2.0.0-py3-none-any.whl (5.9 kB)
2025-02-24T02:06:31.7113466Z Using cached jsonpatch-1.33-py2.py3-none-any.whl (12 kB)
2025-02-24T02:06:31.7145313Z Downloading rich-13.9.4-py3-none-any.whl (242 kB)
2025-02-24T02:06:31.7242358Z Downloading xmltodict-0.14.2-py2.py3-none-any.whl (10.0 kB)
2025-02-24T02:06:31.7279855Z Using cached attrs-25.1.0-py3-none-any.whl (63 kB)
2025-02-24T02:06:31.7314475Z Downloading cffi-1.17.1-cp312-cp312-manylinux_2_17_x86_64.manylinux2014_x86_64.whl (479 kB)
2025-02-24T02:06:31.7487713Z Downloading distlib-0.3.9-py2.py3-none-any.whl (468 kB)
2025-02-24T02:06:31.7611669Z Downloading filelock-3.17.0-py3-none-any.whl (16 kB)
2025-02-24T02:06:31.7646457Z Using cached jsonpointer-3.0.0-py2.py3-none-any.whl (7.6 kB)
2025-02-24T02:06:31.7659205Z Using cached jsonschema_specifications-2024.10.1-py3-none-any.whl (18 kB)
2025-02-24T02:06:31.7691637Z Downloading markdown_it_py-3.0.0-py3-none-any.whl (87 kB)
2025-02-24T02:06:31.7758664Z Downloading MarkupSafe-3.0.2-cp312-cp312-manylinux_2_17_x86_64.manylinux2014_x86_64.whl (23 kB)
2025-02-24T02:06:31.7793428Z Using cached mpmath-1.3.0-py3-none-any.whl (536 kB)
2025-02-24T02:06:31.7832342Z Downloading pbr-6.1.1-py2.py3-none-any.whl (108 kB)
2025-02-24T02:06:31.7872739Z Using cached pydantic-2.10.6-py3-none-any.whl (431 kB)
2025-02-24T02:06:31.7887953Z Using cached pydantic_core-2.27.2-cp312-cp312-manylinux_2_17_x86_64.manylinux2014_x86_64.whl (2.0 MB)
2025-02-24T02:06:31.7944686Z Downloading pygments-2.19.1-py3-none-any.whl (1.2 MB)
2025-02-24T02:06:31.8138160Z    ━━━━━━━━━━━━━━━━━━━━━━━━━━━━━━━━━━━━━━━━ 1.2/1.2 MB 63.3 MB/s eta 0:00:00
2025-02-24T02:06:31.8150313Z Using cached referencing-0.36.2-py3-none-any.whl (26 kB)
2025-02-24T02:06:31.8163951Z Using cached rpds_py-0.23.1-cp312-cp312-manylinux_2_17_x86_64.manylinux2014_x86_64.whl (391 kB)
2025-02-24T02:06:31.8202397Z Downloading jsonpickle-4.0.2-py3-none-any.whl (46 kB)
2025-02-24T02:06:31.8240802Z Using cached annotated_types-0.7.0-py3-none-any.whl (13 kB)
2025-02-24T02:06:31.8273084Z Downloading mdurl-0.1.2-py3-none-any.whl (10.0 kB)
2025-02-24T02:06:31.8336908Z Downloading pycparser-2.22-py3-none-any.whl (117 kB)
2025-02-24T02:06:32.1131463Z Installing collected packages: mpmath, distlib, xmltodict, urllib3, typing-extensions, sympy, six, rpds-py, regex, pyyaml, pygments, pyflakes, pycparser, pycodestyle, pluggy, platformdirs, pbr, pathspec, packaging, nodeenv, networkx, mypy-extensions, mdurl, mccabe, MarkupSafe, jsonpointer, jsonpickle, jmespath, iniconfig, idna, identify, filelock, coverage, click, charset-normalizer, cfgv, certifi, attrs, annotated-types, werkzeug, virtualenv, stevedore, sarif-om, requests, referencing, python-dateutil, pytest, pydantic-core, mypy, markdown-it-py, junit-xml, jsonpatch, jschema-to-python, Jinja2, flake8, cffi, black, rich, responses, pytest-cov, pydantic, pre-commit, jsonschema-specifications, cryptography, botocore, s3transfer, jsonschema, bandit, boto3, moto, aws-sam-translator, cfn-lint
2025-02-24T02:06:48.6490825Z Successfully installed Jinja2-3.1.5 MarkupSafe-3.0.2 annotated-types-0.7.0 attrs-25.1.0 aws-sam-translator-1.95.0 bandit-1.7.8 black-24.3.0 boto3-1.34.69 botocore-1.34.162 certifi-2025.1.31 cffi-1.17.1 cfgv-3.4.0 cfn-lint-0.85.1 charset-normalizer-3.4.1 click-8.1.8 coverage-7.6.12 cryptography-44.0.1 distlib-0.3.9 filelock-3.17.0 flake8-7.0.0 identify-2.6.8 idna-3.10 iniconfig-2.0.0 jmespath-1.0.1 jschema-to-python-1.2.3 jsonpatch-1.33 jsonpickle-4.0.2 jsonpointer-3.0.0 jsonschema-4.23.0 jsonschema-specifications-2024.10.1 junit-xml-1.9 markdown-it-py-3.0.0 mccabe-0.7.0 mdurl-0.1.2 moto-5.0.3 mpmath-1.3.0 mypy-1.9.0 mypy-extensions-1.0.0 networkx-3.4.2 nodeenv-1.9.1 packaging-24.2 pathspec-0.12.1 pbr-6.1.1 platformdirs-4.3.6 pluggy-1.5.0 pre-commit-3.6.2 pycodestyle-2.11.1 pycparser-2.22 pydantic-2.10.6 pydantic-core-2.27.2 pyflakes-3.2.0 pygments-2.19.1 pytest-8.1.1 pytest-cov-4.1.0 python-dateutil-2.8.2 pyyaml-6.0.2 referencing-0.36.2 regex-2024.11.6 requests-2.31.0 responses-0.25.6 rich-13.9.4 rpds-py-0.23.1 s3transfer-0.10.4 sarif-om-1.0.4 six-1.17.0 stevedore-5.4.1 sympy-1.13.3 typing-extensions-4.12.2 urllib3-2.3.0 virtualenv-20.29.2 werkzeug-3.1.3 xmltodict-0.14.2
2025-02-24T02:06:49.0274966Z ##[error]The operation was canceled.
2025-02-24T02:06:49.0383054Z Post job cleanup.
2025-02-24T02:06:49.1411106Z [command]/usr/bin/git version
2025-02-24T02:06:49.1450650Z git version 2.48.1
2025-02-24T02:06:49.1506802Z Temporarily overriding HOME='/home/runner/work/_temp/8c2c2658-c79e-47c2-b3f0-303f0cf7cd8c' before making global git config changes
2025-02-24T02:06:49.1508256Z Adding repository directory to the temporary git global config as a safe directory
2025-02-24T02:06:49.1515066Z [command]/usr/bin/git config --global --add safe.directory /home/runner/work/securityhub_soc2analysis/securityhub_soc2analysis
2025-02-24T02:06:49.1563437Z [command]/usr/bin/git config --local --name-only --get-regexp core\.sshCommand
2025-02-24T02:06:49.1601307Z [command]/usr/bin/git submodule foreach --recursive sh -c "git config --local --name-only --get-regexp 'core\.sshCommand' && git config --local --unset-all 'core.sshCommand' || :"
2025-02-24T02:06:49.1849037Z [command]/usr/bin/git config --local --name-only --get-regexp http\.https\:\/\/github\.com\/\.extraheader
2025-02-24T02:06:49.1871177Z http.https://github.com/.extraheader
2025-02-24T02:06:49.1885078Z [command]/usr/bin/git config --local --unset-all http.https://github.com/.extraheader
2025-02-24T02:06:49.1919234Z [command]/usr/bin/git submodule foreach --recursive sh -c "git config --local --name-only --get-regexp 'http\.https\:\/\/github\.com\/\.extraheader' && git config --local --unset-all 'http.https://github.com/.extraheader' || :"
2025-02-24T02:06:49.2298851Z Cleaning up orphan processes
